V/LocalTransport(  385): Got change set key=com.android.dialer size=1208 key64=Y29tLmFuZHJvaWQuZGlhbGVy
V/LocalTransport(  385):   data size 1208
V/LocalTransport(  385): Got change set key=com.android.providers.settings size=1208 key64=Y29tLmFuZHJvaWQucHJvdmlkZXJzLnNldHRpbmdz
V/LocalTransport(  385):   data size 1208
V/LocalTransport(  385): finishBackup()
D/PerformBackupTask(  385): starting agent for backup of BackupRequest{pkg=com.android.dialer}
I/ActivityManager(  385): Start proc com.android.dialer for backup com.android.dialer/.DialerBackupAgent: pid=1673 uid=10004 gids={50004, 3003, 1028, 1015}
D/BackupManagerService(  385): awaiting agent for ApplicationInfo{b1e0d9c8 com.android.dialer}
D/ExtensionsFactory( 1673): No custom extensions.
D/BackupManagerService(  385): agentConnected pkg=com.android.dialer agent=android.os.BinderProxy@b1fd0950
I/BackupManagerService(  385): got agent android.app.IBackupAgent$Stub$Proxy@b207f170
D/PerformBackupTask(  385): invokeAgentForBackup on com.android.dialer
V/BackupServiceBinder( 1673): doBackup() invoked
D/BackupHelperDispatcher( 1673): handling new helper 'shared_pref'
I/PerformBackupTask(  385): no backup data written; not calling transport
D/PerformBackupTask(  385): starting agent for backup of BackupRequest{pkg=com.android.calendar}
D/BackupManagerService(  385): awaiting agent for ApplicationInfo{b1e567d8 com.android.calendar}
D/BackupManagerService(  385): agentConnected pkg=com.android.calendar agent=android.os.BinderProxy@b2050be8
I/BackupManagerService(  385): got agent android.app.IBackupAgent$Stub$Proxy@b20686b0
D/PerformBackupTask(  385): invokeAgentForBackup on com.android.calendar
V/BackupServiceBinder( 1034): doBackup() invoked
D/BackupHelperDispatcher( 1034): handling new helper 'shared_pref'
V/LocalTransport(  385): performBackup() pkg=com.android.calendar
V/LocalTransport(  385): Got change set key=shared_pref:com.android.calendar_preferences size=738 key64=c2hhcmVkX3ByZWY6Y29tLmFuZHJvaWQuY2FsZW5kYXJfcHJlZmVyZW5jZXM=
V/LocalTransport(  385):   data size 738
V/LocalTransport(  385): finishBackup()
D/PerformBackupTask(  385): starting agent for backup of BackupRequest{pkg=com.android.browser}
I/ActivityManager(  385): Start proc com.android.browser for backup com.android.browser/.BrowserBackupAgent: pid=1687 uid=10014 gids={50014, 3003, 1028, 1015}
D/BackupManagerService(  385): awaiting agent for ApplicationInfo{b1e415b8 com.android.browser}
D/dalvikvm(   56): GC_EXPLICIT freed 40K, 4% free 2873K/2984K, paused 26ms+14ms, total 109ms
I/PackageManager(  385): Running dexopt on: com.android.browser
D/dalvikvm(   56): GC_EXPLICIT freed <1K, 4% free 2873K/2984K, paused 3ms+3ms, total 80ms
D/dalvikvm(   56): GC_EXPLICIT freed <1K, 4% free 2873K/2984K, paused 14ms+3ms, total 81ms
D/dalvikvm( 1700): DexOpt: load 404ms, verify+opt 819ms, 1500508 bytes
I/ActivityManager(  385): Killing 1104:com.svox.pico/u0a37 (adj 15): empty for 3527s
E/cutils  (   50): Failed to mkdirat(/storage/sdcard/Android): Read-only file system
W/Vold    (   50): Returning OperationFailed - no handler for errno 30
W/ContextImpl( 1687): Failed to ensure directory: /storage/sdcard/Android/data/com.android.browser/files
D/BackupManagerService(  385): agentConnected pkg=com.android.browser agent=android.os.BinderProxy@b20367c0
E/ActivityThread( 1687): Failed to find provider info for com.google.settings
E/ActivityThread( 1687): Failed to find provider info for com.google.settings
I/BackupManagerService(  385): got agent android.app.IBackupAgent$Stub$Proxy@b2061240
D/PerformBackupTask(  385): invokeAgentForBackup on com.android.browser
V/BackupServiceBinder( 1687): doBackup() invoked
I/PerformBackupTask(  385): no backup data written; not calling transport
D/PerformBackupTask(  385): starting agent for backup of BackupRequest{pkg=com.android.providers.userdictionary}
I/ActivityManager(  385): Start proc android.process.acore for backup com.android.providers.userdictionary/.DictionaryBackupAgent: pid=1707 uid=10002 gids={50002, 3003, 1028, 1015}
D/BackupManagerService(  385): awaiting agent for ApplicationInfo{b1e66a40 com.android.providers.userdictionary}
I/ActivityManager(  385): Killing 625:com.android.settings/1000 (adj 15): empty for 3528s
D/BackupManagerService(  385): agentConnected pkg=com.android.providers.userdictionary agent=android.os.BinderProxy@b2129078
I/BackupManagerService(  385): got agent android.app.IBackupAgent$Stub$Proxy@b2129090
D/PerformBackupTask(  385): invokeAgentForBackup on com.android.providers.userdictionary
D/dalvikvm( 1707): GC_CONCURRENT freed 202K, 8% free 3183K/3452K, paused 5ms+33ms, total 133ms
D/dalvikvm( 1707): WAIT_FOR_CONCURRENT_GC blocked 6ms
V/BackupServiceBinder( 1707): doBackup() invoked
E/DictionaryBackupAgent( 1707): Couldn't read from the cursor
I/PerformBackupTask(  385): no backup data written; not calling transport
D/PerformBackupTask(  385): starting agent for backup of BackupRequest{pkg=android}
V/BackupServiceBinder(  385): doBackup() invoked
D/BackupManagerService(  385): awaiting agent for ApplicationInfo{b1db5b70 android}
D/BackupManagerService(  385): agentConnected pkg=android agent=android.app.backup.BackupAgent$BackupServiceBinder@b1f72c20
I/BackupManagerService(  385): got agent android.app.backup.BackupAgent$BackupServiceBinder@b1f72c20
D/PerformBackupTask(  385): invokeAgentForBackup on android
D/BackupHelperDispatcher(  385): handling new helper 'wallpaper'
V/LocalTransport(  385): performBackup() pkg=android
V/LocalTransport(  385): Got change set key=wallpaper:/data/system/wallpaper_info.xml size=115 key64=d2FsbHBhcGVyOi9kYXRhL3N5c3RlbS93YWxscGFwZXJfaW5mby54bWw=
V/LocalTransport(  385):   data size 115
V/LocalTransport(  385): finishBackup()
D/PerformBackupTask(  385): starting agent for backup of BackupRequest{pkg=com.android.sharedstoragebackup}
I/ActivityManager(  385): Start proc com.android.sharedstoragebackup for backup com.android.sharedstoragebackup/.SharedStorageAgent: pid=1722 uid=10011 gids={50011, 1028, 1015, 1023}
D/BackupManagerService(  385): awaiting agent for ApplicationInfo{b1e57ef0 com.android.sharedstoragebackup}
I/PackageManager(  385): Running dexopt on: com.android.sharedstoragebackup
D/dalvikvm( 1735): DexOpt: load 111ms, verify+opt 61ms, 154804 bytes
I/ActivityManager(  385): Killing 867:android.process.media/u0a5 (adj 15): empty for 3529s
D/BackupManagerService(  385): agentConnected pkg=com.android.sharedstoragebackup agent=android.os.BinderProxy@b1f9a470
I/BackupManagerService(  385): got agent android.app.IBackupAgent$Stub$Proxy@b1f3acc0
D/PerformBackupTask(  385): invokeAgentForBackup on com.android.sharedstoragebackup
I/ContactLocale( 1707): AddressBook Labels [en_US]: [, A, B, C, D, E, F, G, H, I, J, K, L, M, N, O, P, Q, R, S, T, U, V, W, X, Y, Z, , , , , , , , , , , , , , , , , , , , , , , , , , , , , , , , , , , , , , , , , , , , , , , , , , , , , , , , , , , , , , , , , , , , , , , , , , , , , , , , , , , , , , , , , , , , , , , , , , , , , , , , , , , , , , , , , , , , , , , , , , , , , , , , , , , , , , , , , , , , , , , , , , , , , , , , , , , , , , , , , , , , , , , , , , , , , , , , , , , , , , #, ]
V/BackupServiceBinder( 1722): doBackup() invoked
I/PerformBackupTask(  385): no backup data written; not calling transport
D/PerformBackupTask(  385): starting agent for backup of BackupRequest{pkg=com.android.providers.settings}
D/BackupManagerService(  385): awaiting agent for ApplicationInfo{b1e55b90 com.android.providers.settings}
D/BackupManagerService(  385): agentConnected pkg=com.android.providers.settings agent=android.app.backup.BackupAgent$BackupServiceBinder@b215c160
I/BackupManagerService(  385): got agent android.app.backup.BackupAgent$BackupServiceBinder@b215c160
D/PerformBackupTask(  385): invokeAgentForBackup on com.android.providers.settings
V/BackupServiceBinder(  385): doBackup() invoked
W/SettingsBackupAgent(  385): Couldn't backup /data/misc/wifi/ipconfig.txt
V/LocalTransport(  385): performBackup() pkg=com.android.providers.settings
V/LocalTransport(  385): Got change set key=system size=625 key64=c3lzdGVt
V/LocalTransport(  385):   data size 625
V/LocalTransport(  385): Got change set key=secure size=391 key64=c2VjdXJl
V/LocalTransport(  385):   data size 391
V/LocalTransport(  385): Got change set key=global size=292 key64=Z2xvYmFs
V/LocalTransport(  385):   data size 292
V/LocalTransport(  385): Got change set key=locale size=5 key64=bG9jYWxl
V/LocalTransport(  385):   data size 5
V/LocalTransport(  385): finishBackup()
I/PerformBackupTask(  385): Backup pass finished.
I/ActivityManager(  385): Killing 1126:com.android.exchange/u0a25 (adj 15): empty for 3534s
