I/PackageManager(  385): Adding preferred activity ComponentInfo{com.android.mms/com.android.mms.ui.ComposeMessageActivity} for user 0 :
I/PackageManager(  385): Adding preferred activity ComponentInfo{com.android.mms/com.android.mms.ui.ComposeMessageActivity} for user 0 :
I/PackageManager(  385): Adding preferred activity ComponentInfo{com.android.mms/com.android.mms.ui.ComposeMessageActivity} for user 0 :
I/PackageManager(  385): Adding preferred activity ComponentInfo{com.android.mms/com.android.mms.ui.ComposeMessageActivity} for user 0 :
I/PackageManager(  385): Adding preferred activity ComponentInfo{com.android.mms/com.android.mms.ui.ComposeMessageActivity} for user 0 :
I/PackageManager(  385): Adding preferred activity ComponentInfo{com.android.mms/com.android.mms.ui.ComposeMessageActivity} for user 0 :
D/MobileDataStateTracker(  385): hipri: Broadcast received: android.intent.action.ANY_DATA_STATE apnType=hipri
D/MobileDataStateTracker(  385): hipri: Received state=DISCONNECTED, old=CONNECTED, reason=dataDisabled
D/MobileDataStateTracker(  385): hipri: setDetailed state, old =CONNECTED and new state=DISCONNECTED
D/ConnectivityService(  385): ConnectivityChange for mobile_hipri: DISCONNECTED/DISCONNECTED
W/FrameworkListener(   52): Handler 'interface' error (No such device)
V/WiredAccessoryManager(  385): init()
I/PowerManagerService(  385): Boot animation finished.
W/FrameworkListener(   52): Handler 'interface' error (No such device)
I/ActivityManager(  385): Start proc com.android.providers.calendar for broadcast com.android.providers.calendar/.CalendarReceiver: pid=921 uid=10001 gids={50001, 3003, 1028, 1015}
I/BootReceiver(  385): Copying audit failures to DropBox
I/BootReceiver(  385): Checking for fsck errors
D/Nat464Xlat(  385): requiresClat: netType=5, hasIPv4Address=true
D/MobileDataStateTracker(  385): default: setPolicyDataEnable(enabled=true)
E/NetdConnector(  385): NDC Command {61 bandwidth removeiquota eth0} took too long (1336ms)
E/NetdConnector(  385): NDC Command {62 bandwidth gettetherstats} took too long (1209ms)
D/ConnectivityService(  385): [CheckMp] isMobileOk: X result=0
D/ConnectivityService(  385): [CheckMp] onPostExecute: result=0
D/ConnectivityService(  385): CheckMp.onComplete: result=0
D/ConnectivityService(  385): CheckMp.onComplete: ignore, connected or no connection
I/ActivityManager(  385): Delay finish: com.android.providers.media/.MediaScannerReceiver
I/ActivityManager(  385): Delaying start of: ServiceRecord{b2081f38 u0 com.android.providers.calendar/.EmptyService}
I/ActivityManager(  385): Waited long enough for: ServiceRecord{b20a16c8 u0 com.android.music/.MediaPlaybackService}
I/ActivityManager(  385): Resuming delayed broadcast
I/ActivityManager(  385): Start proc com.android.mms for broadcast com.android.mms/.transaction.MmsSystemEventReceiver: pid=979 uid=10009 gids={50009, 3003, 1028, 1015}
E/NetdConnector(  385): NDC Command {63 bandwidth setiquota eth0 9223372036854775807} took too long (2961ms)
D/MobileDataStateTracker(  385): default: setPolicyDataEnable(enabled=true)
E/NetdConnector(  385): NDC Command {64 bandwidth removeiquota eth0} took too long (2332ms)
E/NetdConnector(  385): NDC Command {65 bandwidth setiquota eth0 9223372036854775807} took too long (2001ms)
D/MobileDataStateTracker(  385): default: setPolicyDataEnable(enabled=true)
D/MobileDataStateTracker(  385): default: setPolicyDataEnable(enabled=true)
W/RecognitionManagerService(  385): no available voice recognition services found for user 0
D/CountryDetector(  385): The first listener is added
I/ActivityManager(  385): Delay finish: com.android.mms/.transaction.SmsReceiver
I/ActivityManager(  385): Resuming delayed broadcast
I/ActivityManager(  385): Start proc com.android.calendar for broadcast com.android.calendar/.alerts.AlertReceiver: pid=1034 uid=10016 gids={50016, 3003}
I/ActivityManager(  385): Start proc com.android.deskclock for broadcast com.android.deskclock/.AlarmInitReceiver: pid=1054 uid=10020 gids={50020, 1028}
I/ActivityManager(  385): Start proc com.android.email for broadcast com.android.email/.service.EmailBroadcastReceiver: pid=1073 uid=10024 gids={50024, 3003, 1028, 1015}
D/ActivityThread( 1073): Loading provider com.android.email.provider;com.android.email.notifier: com.android.email.provider.EmailProvider
D/MobileDataStateTracker(  385): default: setPolicyDataEnable(enabled=true)
D/ConnectivityService(  385): Sampling interval elapsed, updating statistics ..
D/ConnectivityService(  385): Done.
D/ConnectivityService(  385): Setting timer for 720seconds
I/ActivityManager(  385): Delay finish: com.android.providers.contacts/.PackageIntentReceiver
I/ActivityManager(  385): Resuming delayed broadcast
I/ActivityManager(  385): Start proc com.svox.pico for broadcast com.svox.pico/.VoiceDataInstallerReceiver: pid=1104 uid=10037 gids={50037, 1028, 1015}
W/ActivityManager(  385): Unable to start service Intent { cmp=com.android.email/.service.AttachmentDownloadService } U=0: not found
W/ActivityManager(  385): Unable to start service Intent { cmp=com.android.email/.service.AttachmentDownloadService } U=0: not found
I/ActivityManager(  385): Delay finish: com.android.calendar/.alerts.AlertReceiver
I/ActivityManager(  385): Delaying start of: ServiceRecord{b1f9f140 u0 com.android.exchange/.service.EmailSyncAdapterService}
I/ActivityManager(  385): Start proc com.android.exchange for service com.android.exchange/.service.EmailSyncAdapterService: pid=1126 uid=10025 gids={50025, 3003, 1028, 1015}
I/ActivityManager(  385): Waited long enough for: ServiceRecord{b20abc10 u0 com.android.calendar/.alerts.InitAlarmsService}
I/ActivityManager(  385): Resuming delayed broadcast
I/ActivityManager(  385): Delay finish: com.android.providers.calendar/.CalendarProviderBroadcastReceiver
I/ActivityManager(  385): Resuming delayed broadcast
I/ActivityManager(  385): Delay finish: com.android.mms/.transaction.SmsReceiver
I/ActivityManager(  385): Resuming delayed broadcast
I/ActivityManager(  385): START u0 {act=android.intent.action.MAIN cat=[android.intent.category.LAUNCHER] flg=0x10000000 cmp=com.example.test/.MainActivity} from pid 1165
W/WindowManager(  385): Screenshot failure taking screenshot for (328x583) to layer 21005
I/ActivityManager(  385): Start proc com.example.test for activity com.example.test/.MainActivity: pid=1176 uid=10052 gids={50052}
I/WindowManager(  385): Input event dispatching timed out sending to com.example.test/com.example.test.MainActivity.  Reason: Waiting because the touched window has not finished processing the input events that were previously delivered to it.
I/WindowManager(  385): Input event dispatching timed out sending to com.example.test/com.example.test.MainActivity.  Reason: Waiting because the touched window has not finished processing the input events that were previously delivered to it.
E/ActivityManager(  385): ANR in com.example.test (com.example.test/.MainActivity)
E/ActivityManager(  385): PID: 1176
E/ActivityManager(  385): Reason: Input dispatching timed out (Waiting because the touched window has not finished processing the input events that were previously delivered to it.)
E/ActivityManager(  385): Load: 0.25 / 0.8 / 0.83
E/ActivityManager(  385): CPU usage from 12315ms to 0ms ago:
E/ActivityManager(  385):   0.8% 385/system_server: 0.3% user + 0.4% kernel / faults: 106 minor
E/ActivityManager(  385):   0.4% 607/com.android.phone: 0.2% user + 0.2% kernel
E/ActivityManager(  385): 1.1% TOTAL: 0.4% user + 0.6% kernel
E/ActivityManager(  385): CPU usage from 2034ms to 2569ms later:
E/ActivityManager(  385):   7.5% 385/system_server: 1.8% user + 5.6% kernel
E/ActivityManager(  385):     5.6% 400/ActivityManager: 0% user + 5.6% kernel
E/ActivityManager(  385):     1.8% 398/SensorService: 0% user + 1.8% kernel
E/ActivityManager(  385): 9.2% TOTAL: 1.8% user + 7.4% kernel
W/ActivityManager(  385):   Force finishing activity com.example.test/.MainActivity
W/WindowManager(  385): Screenshot failure taking screenshot for (328x583) to layer 21010
I/ActivityManager(  385): Killing 1176:com.example.test/u0a52 (adj 0): user request after error
I/WindowState(  385): WIN DEATH: Window{b1efa7f8 u0 com.example.test/com.example.test.MainActivity}
W/InputMethodManagerService(  385): Got RemoteException sending setActive(false) notification to pid 1176 uid 10052
I/ActivityManager(  385): START u0 {act=android.intent.action.MAIN cat=[android.intent.category.LAUNCHER] flg=0x10200000 cmp=com.example.test/.MainActivity} from pid 618
W/WindowManager(  385): Screenshot failure taking screenshot for (328x583) to layer 21005
I/ActivityManager(  385): Start proc com.example.test for activity com.example.test/.MainActivity: pid=1296 uid=10052 gids={50052}
D/ConnectivityService(  385): Sampling interval elapsed, updating statistics ..
D/ConnectivityService(  385): Done.
D/ConnectivityService(  385): Setting timer for 720seconds
--------- beginning of /dev/log/main
W/AudioService(  385): onLoadSoundEffects(), Error -1 while loading samples
I/System.out( 1296): COUCOU
E/SoundPool(  385): error loading /system/media/audio/ui/Effect_Tick.ogg
W/AudioService(  385): Soundpool could not load file: /system/media/audio/ui/Effect_Tick.ogg
E/SoundPool(  385): error loading /system/media/audio/ui/Effect_Tick.ogg
W/AudioService(  385): Soundpool could not load file: /system/media/audio/ui/Effect_Tick.ogg
E/SoundPool(  385): error loading /system/media/audio/ui/Effect_Tick.ogg
W/AudioService(  385): Soundpool could not load file: /system/media/audio/ui/Effect_Tick.ogg
E/SoundPool(  385): error loading /system/media/audio/ui/Effect_Tick.ogg
W/AudioService(  385): Soundpool could not load file: /system/media/audio/ui/Effect_Tick.ogg
E/SoundPool(  385): error loading /system/media/audio/ui/Effect_Tick.ogg
W/AudioService(  385): Soundpool could not load file: /system/media/audio/ui/Effect_Tick.ogg
E/SoundPool(  385): error loading /system/media/audio/ui/KeypressStandard.ogg
W/AudioService(  385): Soundpool could not load file: /system/media/audio/ui/KeypressStandard.ogg
E/SoundPool(  385): error loading /system/media/audio/ui/KeypressSpacebar.ogg
W/AudioService(  385): Soundpool could not load file: /system/media/audio/ui/KeypressSpacebar.ogg
E/SoundPool(  385): error loading /system/media/audio/ui/KeypressDelete.ogg
W/AudioService(  385): Soundpool could not load file: /system/media/audio/ui/KeypressDelete.ogg
E/SoundPool(  385): error loading /system/media/audio/ui/KeypressReturn.ogg
W/AudioService(  385): Soundpool could not load file: /system/media/audio/ui/KeypressReturn.ogg
E/SoundPool(  385): error loading /system/media/audio/ui/KeypressInvalid.ogg
W/AudioService(  385): Soundpool could not load file: /system/media/audio/ui/KeypressInvalid.ogg
W/AudioService(  385): onLoadSoundEffects(), Error -1 while loading samples
I/System.out( 1296): COUCOU
E/SoundPool(  385): error loading /system/media/audio/ui/Effect_Tick.ogg
W/AudioService(  385): Soundpool could not load file: /system/media/audio/ui/Effect_Tick.ogg
E/SoundPool(  385): error loading /system/media/audio/ui/Effect_Tick.ogg
W/AudioService(  385): Soundpool could not load file: /system/media/audio/ui/Effect_Tick.ogg
E/SoundPool(  385): error loading /system/media/audio/ui/Effect_Tick.ogg
W/AudioService(  385): Soundpool could not load file: /system/media/audio/ui/Effect_Tick.ogg
E/SoundPool(  385): error loading /system/media/audio/ui/Effect_Tick.ogg
W/AudioService(  385): Soundpool could not load file: /system/media/audio/ui/Effect_Tick.ogg
E/SoundPool(  385): error loading /system/media/audio/ui/Effect_Tick.ogg
W/AudioService(  385): Soundpool could not load file: /system/media/audio/ui/Effect_Tick.ogg
E/SoundPool(  385): error loading /system/media/audio/ui/KeypressStandard.ogg
W/AudioService(  385): Soundpool could not load file: /system/media/audio/ui/KeypressStandard.ogg
E/SoundPool(  385): error loading /system/media/audio/ui/KeypressSpacebar.ogg
W/AudioService(  385): Soundpool could not load file: /system/media/audio/ui/KeypressSpacebar.ogg
E/SoundPool(  385): error loading /system/media/audio/ui/KeypressDelete.ogg
W/AudioService(  385): Soundpool could not load file: /system/media/audio/ui/KeypressDelete.ogg
E/SoundPool(  385): error loading /system/media/audio/ui/KeypressReturn.ogg
W/AudioService(  385): Soundpool could not load file: /system/media/audio/ui/KeypressReturn.ogg
E/SoundPool(  385): error loading /system/media/audio/ui/KeypressInvalid.ogg
W/AudioService(  385): Soundpool could not load file: /system/media/audio/ui/KeypressInvalid.ogg
W/AudioService(  385): onLoadSoundEffects(), Error -1 while loading samples
D/MobileDataStateTracker(  385): default: setPolicyDataEnable(enabled=true)
F/libc    ( 1296): Fatal signal 11 (SIGSEGV) at 0x80000008 (code=1), thread 1302 (JDWP)
I/DEBUG   (   53): *** *** *** *** *** *** *** *** *** *** *** *** *** *** *** ***
I/DEBUG   (   53): Build fingerprint: 'generic/sdk/generic:4.4.2/KK/938007:eng/test-keys'
I/DEBUG   (   53): Revision: '0'
I/DEBUG   (   53): pid: 1296, tid: 1302, name: JDWP  >>> com.example.test <<<
I/DEBUG   (   53): signal 11 (SIGSEGV), code 1 (SEGV_MAPERR), fault addr 80000008
I/DEBUG   (   53):     r0 80000000  r1 000000c1  r2 00000000  r3 000000c1
I/DEBUG   (   53):     r4 b7b1e420  r5 ac40dcc4  r6 b7b1e420  r7 b79dbdc8
I/DEBUG   (   53):     r8 00000008  r9 b7ad99ef  sl 00000000  fp 0000000d
I/DEBUG   (   53):     ip 80000000  sp ac40dc70  lr b5ac7e33  pc b5aa74e0  cpsr 40000030
I/DEBUG   (   53):     d0  4a3a80004d8c4961  d1  0000006042c090a6
I/DEBUG   (   53):     d2  56c000003ec00000  d3  0000004042810000
I/DEBUG   (   53):     d4  428000003f000000  d5  4280000042810000
I/DEBUG   (   53):     d6  0000000000000000  d7  42c800004a339120
I/DEBUG   (   53):     d8  0000000000000000  d9  0000000000000000
I/DEBUG   (   53):     d10 0000000000000000  d11 0000000000000000
I/DEBUG   (   53):     d12 0000000000000000  d13 0000000000000000
I/DEBUG   (   53):     d14 0000000000000000  d15 0000000000000000
I/DEBUG   (   53):     scr 80000010
I/DEBUG   (   53): 
I/DEBUG   (   53): backtrace:
I/DEBUG   (   53):     #00  pc 000424e0  /system/lib/libdvm.so (dvmDbgGetTagWidth(int)+135)
I/DEBUG   (   53):     #01  pc 00062e2f  /system/lib/libdvm.so
I/DEBUG   (   53):     #02  pc 00063b47  /system/lib/libdvm.so (dvmJdwpProcessRequest(JdwpState*, JdwpReqHeader const*, unsigned char const*, int, ExpandBuf*)+110)
I/DEBUG   (   53):     #03  pc 00061439  /system/lib/libdvm.so
I/DEBUG   (   53):     #04  pc 00063d65  /system/lib/libdvm.so
I/DEBUG   (   53):     #05  pc 0005470d  /system/lib/libdvm.so
I/DEBUG   (   53):     #06  pc 0000d060  /system/lib/libc.so (__thread_entry+72)
I/DEBUG   (   53):     #07  pc 0000d1f8  /system/lib/libc.so (pthread_create+240)
I/DEBUG   (   53): 
I/DEBUG   (   53): stack:
I/DEBUG   (   53):          ac40dc30  ac40dc54  [stack:1302]
I/DEBUG   (   53):          ac40dc34  b5ac83fb  /system/lib/libdvm.so
I/DEBUG   (   53):          ac40dc38  0000000c  
I/DEBUG   (   53):          ac40dc3c  0000004c  
I/DEBUG   (   53):          ac40dc40  b7b205be  [heap]
I/DEBUG   (   53):          ac40dc44  00000008  
I/DEBUG   (   53):          ac40dc48  0000004c  
I/DEBUG   (   53):          ac40dc4c  00000008  
I/DEBUG   (   53):          ac40dc50  00000000  
I/DEBUG   (   53):          ac40dc54  00000000  
I/DEBUG   (   53):          ac40dc58  b79dbdc8  [heap]
I/DEBUG   (   53):          ac40dc5c  b79dbe60  [heap]
I/DEBUG   (   53):          ac40dc60  b79dbe64  [heap]
I/DEBUG   (   53):          ac40dc64  b7b1e420  [heap]
I/DEBUG   (   53):          ac40dc68  ac40dcc4  [stack:1302]
I/DEBUG   (   53):          ac40dc6c  b5ac7e2f  /system/lib/libdvm.so
I/DEBUG   (   53):     #00  ac40dc70  b79dbdc8  [heap]
I/DEBUG   (   53):          ........  ........
I/DEBUG   (   53):     #01  ac40dc70  b79dbdc8  [heap]
I/DEBUG   (   53):          ac40dc74  b7ad99f7  [heap]
I/DEBUG   (   53):          ac40dc78  b5ac7e21  /system/lib/libdvm.so
I/DEBUG   (   53):          ac40dc7c  b5ac8b49  /system/lib/libdvm.so (dvmJdwpProcessRequest(JdwpState*, JdwpReqHeader const*, unsigned char const*, int, ExpandBuf*)+112)
I/DEBUG   (   53):     #02  ac40dc80  00000001  
I/DEBUG   (   53):          ac40dc84  b79dbdc8  [heap]
I/DEBUG   (   53):          ac40dc88  00000013  
I/DEBUG   (   53):          ac40dc8c  b7ad99c8  [heap]
I/DEBUG   (   53):          ac40dc90  b7ad99e4  [heap]
I/DEBUG   (   53):          ac40dc94  b7b1e420  [heap]
I/DEBUG   (   53):          ac40dc98  00000001  
I/DEBUG   (   53):          ac40dc9c  b79dbdc8  [heap]
I/DEBUG   (   53):          ac40dca0  00000013  
I/DEBUG   (   53):          ac40dca4  b7ad99c8  [heap]
I/DEBUG   (   53):          ac40dca8  b7ad99e4  [heap]
I/DEBUG   (   53):          ac40dcac  b5ac643d  /system/lib/libdvm.so
I/DEBUG   (   53): 
I/DEBUG   (   53): memory near r0:
I/DEBUG   (   53):     7fffffe0 ffffffff ffffffff ffffffff ffffffff  
I/DEBUG   (   53):     7ffffff0 ffffffff ffffffff ffffffff ffffffff  
I/DEBUG   (   53):     80000000 ffffffff ffffffff ffffffff ffffffff  
I/DEBUG   (   53):     80000010 ffffffff ffffffff ffffffff ffffffff  
I/DEBUG   (   53):     80000020 ffffffff ffffffff ffffffff ffffffff  
I/DEBUG   (   53):     80000030 ffffffff ffffffff ffffffff ffffffff  
I/DEBUG   (   53):     80000040 ffffffff ffffffff ffffffff ffffffff  
I/DEBUG   (   53):     80000050 ffffffff ffffffff ffffffff ffffffff  
I/DEBUG   (   53):     80000060 ffffffff ffffffff ffffffff ffffffff  
I/DEBUG   (   53):     80000070 ffffffff ffffffff ffffffff ffffffff  
I/DEBUG   (   53):     80000080 ffffffff ffffffff ffffffff ffffffff  
I/DEBUG   (   53):     80000090 ffffffff ffffffff ffffffff ffffffff  
I/DEBUG   (   53):     800000a0 ffffffff ffffffff ffffffff ffffffff  
I/DEBUG   (   53):     800000b0 ffffffff ffffffff ffffffff ffffffff  
I/DEBUG   (   53):     800000c0 ffffffff ffffffff ffffffff ffffffff  
I/DEBUG   (   53):     800000d0 ffffffff ffffffff ffffffff ffffffff  
I/DEBUG   (   53): 
I/DEBUG   (   53): memory near r4:
I/DEBUG   (   53):     b7b1e400 b7b1e401 00000000 b79e38a8 00000000  
I/DEBUG   (   53):     b7b1e410 b7b0df48 3f800000 00000000 00000013  
I/DEBUG   (   53):     b7b1e420 b7b23498 0000000b 00000040 0000011b  
I/DEBUG   (   53):     b7b1e430 00000006 00000100 00000000 00000000  
I/DEBUG   (   53):     b7b1e440 00000007 00000000 43ff0000 441f8000  
I/DEBUG   (   53):     b7b1e450 3f800000 b6ef0d33 b7b22990 00000000  
I/DEBUG   (   53):     b7b1e460 00000000 b7b22998 b7b264c8 b6ef111f  
I/DEBUG   (   53):     b7b1e470 b6f29000 00000000 00000000 00000000  
I/DEBUG   (   53):     b7b1e480 ffffffff 00010000 b7000000 00000001  
I/DEBUG   (   53):     b7b1e490 00000000 00000000 43220000 44340000  
I/DEBUG   (   53):     b7b1e4a0 44940000 00000006 00000001 00000001  
I/DEBUG   (   53):     b7b1e4b0 43220000 00000000 42000000 43420000  
I/DEBUG   (   53):     b7b1e4c0 44214000 44280000 00000001 00000000  
I/DEBUG   (   53):     b7b1e4d0 b79e38a8 00000000 00000000 00000000  
I/DEBUG   (   53):     b7b1e4e0 00000000 ffffffff 00010000 00000000  
I/DEBUG   (   53):     b7b1e4f0 00000001 00000000 42000000 43420000  
I/DEBUG   (   53): 
I/DEBUG   (   53): memory near r5:
I/DEBUG   (   53):     ac40dca4 b7ad99c8 b7ad99e4 b5ac643d b7b1e420  
I/DEBUG   (   53):     ac40dcb4 00000000 b7ad99ef 00002ff1 b7ad99ef  
I/DEBUG   (   53):     ac40dcc4 00000013 00002ff1 b6f0010d 00000000  
I/DEBUG   (   53):     ac40dcd4 00001000 00000000 00000000 00000000  
I/DEBUG   (   53):     ac40dce4 00000000 00000000 00000000 00000000  
I/DEBUG   (   53):     ac40dcf4 00000000 00000000 00000000 00000000  
I/DEBUG   (   53):     ac40dd04 00000000 00000000 00000000 00000000  
I/DEBUG   (   53):     ac40dd14 00000000 00000000 00000000 00000000  
I/DEBUG   (   53):     ac40dd24 00000000 00000000 00000000 00000000  
I/DEBUG   (   53):     ac40dd34 00000000 00000000 00000000 00000000  
I/DEBUG   (   53):     ac40dd44 00000000 00000000 00000000 b1d45280  
I/DEBUG   (   53):     ac40dd54 b79dbdc8 00000000 b79dbe34 00000008  
I/DEBUG   (   53):     ac40dd64 b5afe2e8 b5aff437 b79dbe1c b6f2b2c4  
I/DEBUG   (   53):     ac40dd74 b5ac8d67 00000000 b79dbe80 b5b141f0  
I/DEBUG   (   53):     ac40dd84 beb9a698 b79dbe80 b5ab96c1 ac310000  
I/DEBUG   (   53):     ac40dd94 b5ab970f b79dbe80 00010002 b79dbea0  
I/DEBUG   (   53): 
I/DEBUG   (   53): memory near r6:
I/DEBUG   (   53):     b7b1e400 b7b1e401 00000000 b79e38a8 00000000  
I/DEBUG   (   53):     b7b1e410 b7b0df48 3f800000 00000000 00000013  
I/DEBUG   (   53):     b7b1e420 b7b23498 0000000b 00000040 0000011b  
I/DEBUG   (   53):     b7b1e430 00000006 00000100 00000000 00000000  
I/DEBUG   (   53):     b7b1e440 00000007 00000000 43ff0000 441f8000  
I/DEBUG   (   53):     b7b1e450 3f800000 b6ef0d33 b7b22990 00000000  
I/DEBUG   (   53):     b7b1e460 00000000 b7b22998 b7b264c8 b6ef111f  
I/DEBUG   (   53):     b7b1e470 b6f29000 00000000 00000000 00000000  
I/DEBUG   (   53):     b7b1e480 ffffffff 00010000 b7000000 00000001  
I/DEBUG   (   53):     b7b1e490 00000000 00000000 43220000 44340000  
I/DEBUG   (   53):     b7b1e4a0 44940000 00000006 00000001 00000001  
I/DEBUG   (   53):     b7b1e4b0 43220000 00000000 42000000 43420000  
I/DEBUG   (   53):     b7b1e4c0 44214000 44280000 00000001 00000000  
I/DEBUG   (   53):     b7b1e4d0 b79e38a8 00000000 00000000 00000000  
I/DEBUG   (   53):     b7b1e4e0 00000000 ffffffff 00010000 00000000  
I/DEBUG   (   53):     b7b1e4f0 00000001 00000000 42000000 43420000  
I/DEBUG   (   53): 
I/DEBUG   (   53): memory near r7:
I/DEBUG   (   53):     b79dbda8 b5b0d044 b5b0d4b8 00000003 b79c1c10  
I/DEBUG   (   53):     b79dbdb8 00000000 b79c25f0 b79dbd68 000000bb  
I/DEBUG   (   53):     b79dbdc8 00000002 b6000001 00000000 00000000  
I/DEBUG   (   53):     b79dbdd8 b79dbcf0 b66dfec8 b6eedafd 00000000  
I/DEBUG   (   53):     b79dbde8 b66dc573 b7ad9940 b79e87f0 b7ad9948  
I/DEBUG   (   53):     b79dbdf8 b7ad9948 b5b0fc74 b6ef111f b6f29000  
I/DEBUG   (   53):     b79dbe08 4b788dc1 0000a7d0 00000000 fffffffe  
I/DEBUG   (   53):     b79dbe18 00000001 b79c2320 b1d45280 000000c1  
I/DEBUG   (   53):     b79dbe28 00000001 b5b0d85c b7ad99c8 00000000  
I/DEBUG   (   53):     b79dbe38 fffffffe 00000000 00000000 00000000  
I/DEBUG   (   53):     b79dbe48 100000b1 20000009 00000000 00000009  
I/DEBUG   (   53):     b79dbe58 b7b23720 00000000 00000000 fffffea2  
I/DEBUG   (   53):     b79dbe68 00000000 00000000 00000000 00000000  
I/DEBUG   (   53):     b79dbe78 d1d1d1d1 00000023 b5ac8cc1 b79dbdc8  
I/DEBUG   (   53):     b79dbe88 b79dbea0 b1a73880 d1d1d101 beb9a698  
I/DEBUG   (   53):     b79dbe98 beb9a69c 00000013 5057444a d1d1d100  
I/DEBUG   (   53): 
I/DEBUG   (   53): memory near r9:
I/DEBUG   (   53):     b7ad99cc 00000000 00000021 00000000 00000024  
I/DEBUG   (   53):     b7ad99dc 00000025 00000013 13000000 f12f0000  
I/DEBUG   (   53):     b7ad99ec 00010d00 80c10000 00000000 b0000000  
I/DEBUG   (   53):     b7ad99fc 00c0c928 00080000 5b020000 01000000  
I/DEBUG   (   53):     b7ad9a0c 00000046 00004603 004c0000 46090000  
I/DEBUG   (   53):     b7ad9a1c 0a000000 00000046 00004c0b 004c0c00  
I/DEBUG   (   53):     b7ad9a2c 00000000 00000000 00000000 00000000  
I/DEBUG   (   53):     b7ad9a3c 00000000 00000000 00000000 00000000  
I/DEBUG   (   53):     b7ad9a4c 00000000 00000000 00000000 00000000  
I/DEBUG   (   53):     b7ad9a5c 00000000 00000000 00000000 00000000  
I/DEBUG   (   53):     b7ad9a6c 00000000 00000000 00000000 00000000  
I/DEBUG   (   53):     b7ad9a7c 00000000 00000000 00000000 00000000  
I/DEBUG   (   53):     b7ad9a8c 00000000 00000000 00000000 00000000  
I/DEBUG   (   53):     b7ad9a9c 00000000 00000000 00000000 00000000  
I/DEBUG   (   53):     b7ad9aac 00000000 00000000 00000000 00000000  
I/DEBUG   (   53):     b7ad9abc 00000000 00000000 00000000 00000000  
I/DEBUG   (   53): 
I/DEBUG   (   53): memory near ip:
I/DEBUG   (   53):     7fffffe0 ffffffff ffffffff ffffffff ffffffff  
I/DEBUG   (   53):     7ffffff0 ffffffff ffffffff ffffffff ffffffff  
I/DEBUG   (   53):     80000000 ffffffff ffffffff ffffffff ffffffff  
I/DEBUG   (   53):     80000010 ffffffff ffffffff ffffffff ffffffff  
I/DEBUG   (   53):     80000020 ffffffff ffffffff ffffffff ffffffff  
I/DEBUG   (   53):     80000030 ffffffff ffffffff ffffffff ffffffff  
I/DEBUG   (   53):     80000040 ffffffff ffffffff ffffffff ffffffff  
I/DEBUG   (   53):     80000050 ffffffff ffffffff ffffffff ffffffff  
I/DEBUG   (   53):     80000060 ffffffff ffffffff ffffffff ffffffff  
I/DEBUG   (   53):     80000070 ffffffff ffffffff ffffffff ffffffff  
I/DEBUG   (   53):     80000080 ffffffff ffffffff ffffffff ffffffff  
I/DEBUG   (   53):     80000090 ffffffff ffffffff ffffffff ffffffff  
I/DEBUG   (   53):     800000a0 ffffffff ffffffff ffffffff ffffffff  
I/DEBUG   (   53):     800000b0 ffffffff ffffffff ffffffff ffffffff  
I/DEBUG   (   53):     800000c0 ffffffff ffffffff ffffffff ffffffff  
I/DEBUG   (   53):     800000d0 ffffffff ffffffff ffffffff ffffffff  
I/DEBUG   (   53): 
I/DEBUG   (   53): memory near sp:
I/DEBUG   (   53):     ac40dc50 00000000 00000000 b79dbdc8 b79dbe60  
I/DEBUG   (   53):     ac40dc60 b79dbe64 b7b1e420 ac40dcc4 b5ac7e2f  
I/DEBUG   (   53):     ac40dc70 b79dbdc8 b7ad99f7 b5ac7e21 b5ac8b49  
I/DEBUG   (   53):     ac40dc80 00000001 b79dbdc8 00000013 b7ad99c8  
I/DEBUG   (   53):     ac40dc90 b7ad99e4 b7b1e420 00000001 b79dbdc8  
I/DEBUG   (   53):     ac40dca0 00000013 b7ad99c8 b7ad99e4 b5ac643d  
I/DEBUG   (   53):     ac40dcb0 b7b1e420 00000000 b7ad99ef 00002ff1  
I/DEBUG   (   53):     ac40dcc0 b7ad99ef 00000013 00002ff1 b6f0010d  
I/DEBUG   (   53):     ac40dcd0 00000000 00001000 00000000 00000000  
I/DEBUG   (   53):     ac40dce0 00000000 00000000 00000000 00000000  
I/DEBUG   (   53):     ac40dcf0 00000000 00000000 00000000 00000000  
I/DEBUG   (   53):     ac40dd00 00000000 00000000 00000000 00000000  
I/DEBUG   (   53):     ac40dd10 00000000 00000000 00000000 00000000  
I/DEBUG   (   53):     ac40dd20 00000000 00000000 00000000 00000000  
I/DEBUG   (   53):     ac40dd30 00000000 00000000 00000000 00000000  
I/DEBUG   (   53):     ac40dd40 00000000 00000000 00000000 00000000  
I/DEBUG   (   53): 
I/DEBUG   (   53): code around pc:
I/DEBUG   (   53):     b5aa74c0 20064905 44794a05 f7da447a f04fee6e  
I/DEBUG   (   53):     b5aa74d0 bd0830ff bd082001 0004c342 0004d520  
I/DEBUG   (   53):     b5aa74e0 47706880 6805b538 785c69ab f7ff4620  
I/DEBUG   (   53):     b5aa74f0 b920fd0b e8bd6be8 f7ff4038 4620bda9  
I/DEBUG   (   53):     b5aa7500 0000bd38 4ff7e92d 68834698 44424616  
I/DEBUG   (   53):     b5aa7510 9030f8dd dd0c429a 2005494a 93014a4a  
I/DEBUG   (   53):     b5aa7520 f8cd4479 447a8000 f7da4633 2000ee3e  
I/DEBUG   (   53):     b5aa7530 f100e086 68000b10 784f6981 f7ff4638  
I/DEBUG   (   53):     b5aa7540 2800fce3 4638d05f ff86f7ff 46484607  
I/DEBUG   (   53):     b5aa7550 f108fb07 fb49f01e b106fb07 2f073f01  
I/DEBUG   (   53):     b5aa7560 e8dfd86d 090bf007 6c6c076c 3808046c  
I/DEBUG   (   53):     b5aa7570 e0452300 e0232300 e00c2200 f7da4642  
I/DEBUG   (   53):     b5aa7580 e05cee1a 4c02f811 ec01f811 2c04ea4e  
I/DEBUG   (   53):     b5aa7590 c012f820 31023201 dbf34542 784ce04f  
I/DEBUG   (   53):     b5aa75a0 c000f891 788c0422 6e0cea42 c003f891  
I/DEBUG   (   53):     b5aa75b0 ea4e3104 ea42020c f8402204 33012023  
I/DEBUG   (   53): 
I/DEBUG   (   53): code around lr:
I/DEBUG   (   53):     b5ac7e10 bf0c2800 70fcf44f b0042000 81f0e8bd  
I/DEBUG   (   53):     b5ac7e20 a802b513 f840461c f7e51d04 f7dffb26  
I/DEBUG   (   53):     b5ac7e30 4601fb57 f7fd4620 2000ff00 0000bd1c  
I/DEBUG   (   53):     b5ac7e40 a802b537 f840461d f7e51d04 f7e0fb16  
I/DEBUG   (   53):     b5ac7e50 4604f881 b11c4628 f7fd4621 e00aff1e  
I/DEBUG   (   53):     b5ac7e60 44794907 ff19f7fd 4a074906 44792005  
I/DEBUG   (   53):     b5ac7e70 f7ba447a 4620e99a e984f7ba bd3e2000  
I/DEBUG   (   53):     b5ac7e80 00036dbc 00036476 00036dbb a802b513  
I/DEBUG   (   53):     b5ac7e90 f840461c f7e51d04 f7dffaf0 4601ffdd  
I/DEBUG   (   53):     b5ac7ea0 f7fd4620 2000feca b507bd1c f840a802  
I/DEBUG   (   53):     b5ac7eb0 f7e51d04 2063fae2 b573bd0e 461ea802  
I/DEBUG   (   53):     b5ac7ec0 1d04f840 fad9f7e5 460d4604 ffd4f7df  
I/DEBUG   (   53):     b5ac7ed0 200ab908 4620e010 f7df4629 b150ffdc  
I/DEBUG   (   53):     b5ac7ee0 46204629 f8d2f7e0 dbf21e01 f7fd4630  
I/DEBUG   (   53):     b5ac7ef0 2000fea4 200de000 b51fbd7c 461ca804  
I/DEBUG   (   53):     b5ac7f00 1d0cf840 fab9f7e5 ab03aa02 ff76f7df  
I/DEBUG   (   53): 
I/DEBUG   (   53): memory map around fault addr 80000008:
I/DEBUG   (   53):     (no map below)
I/DEBUG   (   53):     (no map for address)
I/DEBUG   (   53):     a7fb0000-a7fc1000 rw- 
W/ActivityManager(  385):   Force finishing activity com.example.test/.MainActivity
D/gralloc (   55): Registering a buffer in the process that created it. This may cause memory ordering problems.
E/libEGL  (   55): called unimplemented OpenGL ES API
E/libEGL  (   55): called unimplemented OpenGL ES API
E/libEGL  (   55): called unimplemented OpenGL ES API
E/libEGL  (   55): called unimplemented OpenGL ES API
E/SurfaceFlinger(   55): glCheckFramebufferStatusOES error 1923359790
E/SurfaceFlinger(   55): got GL_FRAMEBUFFER_COMPLETE_OES error while taking screenshot
E/libEGL  (   55): called unimplemented OpenGL ES API
E/libEGL  (   55): called unimplemented OpenGL ES API
W/WindowManager(  385): Screenshot failure taking screenshot for (328x583) to layer 21010
I/WindowState(  385): WIN DEATH: Window{b1f96228 u0 com.example.test/com.example.test.MainActivity}
D/Zygote  (   56): Process 1296 terminated by signal (11)
I/ActivityManager(  385): Process com.example.test (pid 1296) has died.
I/Choreographer(  618): Skipped 51 frames!  The application may be doing too much work on its main thread.
I/Choreographer(  385): Skipped 32 frames!  The application may be doing too much work on its main thread.
E/SoundPool(  385): error loading /system/media/audio/ui/Effect_Tick.ogg
W/AudioService(  385): Soundpool could not load file: /system/media/audio/ui/Effect_Tick.ogg
E/SoundPool(  385): error loading /system/media/audio/ui/Effect_Tick.ogg
W/AudioService(  385): Soundpool could not load file: /system/media/audio/ui/Effect_Tick.ogg
E/SoundPool(  385): error loading /system/media/audio/ui/Effect_Tick.ogg
W/AudioService(  385): Soundpool could not load file: /system/media/audio/ui/Effect_Tick.ogg
E/SoundPool(  385): error loading /system/media/audio/ui/Effect_Tick.ogg
W/AudioService(  385): Soundpool could not load file: /system/media/audio/ui/Effect_Tick.ogg
E/SoundPool(  385): error loading /system/media/audio/ui/Effect_Tick.ogg
W/AudioService(  385): Soundpool could not load file: /system/media/audio/ui/Effect_Tick.ogg
E/SoundPool(  385): error loading /system/media/audio/ui/KeypressStandard.ogg
W/AudioService(  385): Soundpool could not load file: /system/media/audio/ui/KeypressStandard.ogg
E/SoundPool(  385): error loading /system/media/audio/ui/KeypressSpacebar.ogg
W/AudioService(  385): Soundpool could not load file: /system/media/audio/ui/KeypressSpacebar.ogg
E/SoundPool(  385): error loading /system/media/audio/ui/KeypressDelete.ogg
W/AudioService(  385): Soundpool could not load file: /system/media/audio/ui/KeypressDelete.ogg
E/SoundPool(  385): error loading /system/media/audio/ui/KeypressReturn.ogg
W/AudioService(  385): Soundpool could not load file: /system/media/audio/ui/KeypressReturn.ogg
E/SoundPool(  385): error loading /system/media/audio/ui/KeypressInvalid.ogg
W/AudioService(  385): Soundpool could not load file: /system/media/audio/ui/KeypressInvalid.ogg
W/AudioService(  385): onLoadSoundEffects(), Error -1 while loading samples
W/InputMethodManagerService(  385): Got RemoteException sending setActive(false) notification to pid 1296 uid 10052
W/Binder  (  589): Caught a RuntimeException from the binder stub implementation.
W/Binder  (  589): java.lang.NullPointerException
W/Binder  (  589): 	at android.inputmethodservice.IInputMethodWrapper.setSessionEnabled(IInputMethodWrapper.java:280)
W/Binder  (  589): 	at com.android.internal.view.IInputMethod$Stub.onTransact(IInputMethod.java:129)
W/Binder  (  589): 	at android.os.Binder.execTransact(Binder.java:404)
W/Binder  (  589): 	at dalvik.system.NativeStart.run(Native Method)
E/SoundPool(  385): error loading /system/media/audio/ui/Effect_Tick.ogg
W/AudioService(  385): Soundpool could not load file: /system/media/audio/ui/Effect_Tick.ogg
E/SoundPool(  385): error loading /system/media/audio/ui/Effect_Tick.ogg
W/AudioService(  385): Soundpool could not load file: /system/media/audio/ui/Effect_Tick.ogg
E/SoundPool(  385): error loading /system/media/audio/ui/Effect_Tick.ogg
W/AudioService(  385): Soundpool could not load file: /system/media/audio/ui/Effect_Tick.ogg
E/SoundPool(  385): error loading /system/media/audio/ui/Effect_Tick.ogg
W/AudioService(  385): Soundpool could not load file: /system/media/audio/ui/Effect_Tick.ogg
E/SoundPool(  385): error loading /system/media/audio/ui/Effect_Tick.ogg
W/AudioService(  385): Soundpool could not load file: /system/media/audio/ui/Effect_Tick.ogg
E/SoundPool(  385): error loading /system/media/audio/ui/KeypressStandard.ogg
W/AudioService(  385): Soundpool could not load file: /system/media/audio/ui/KeypressStandard.ogg
E/SoundPool(  385): error loading /system/media/audio/ui/KeypressSpacebar.ogg
W/AudioService(  385): Soundpool could not load file: /system/media/audio/ui/KeypressSpacebar.ogg
E/SoundPool(  385): error loading /system/media/audio/ui/KeypressDelete.ogg
W/AudioService(  385): Soundpool could not load file: /system/media/audio/ui/KeypressDelete.ogg
E/SoundPool(  385): error loading /system/media/audio/ui/KeypressReturn.ogg
W/AudioService(  385): Soundpool could not load file: /system/media/audio/ui/KeypressReturn.ogg
E/SoundPool(  385): error loading /system/media/audio/ui/KeypressInvalid.ogg
W/AudioService(  385): Soundpool could not load file: /system/media/audio/ui/KeypressInvalid.ogg
W/AudioService(  385): onLoadSoundEffects(), Error -1 while loading samples
I/ActivityManager(  385): START u0 {act=android.intent.action.MAIN cat=[android.intent.category.LAUNCHER] flg=0x10200000 cmp=com.example.test/.MainActivity} from pid 618
D/gralloc (   55): Registering a buffer in the process that created it. This may cause memory ordering problems.
E/libEGL  (   55): called unimplemented OpenGL ES API
E/libEGL  (   55): called unimplemented OpenGL ES API
E/libEGL  (   55): called unimplemented OpenGL ES API
E/libEGL  (   55): called unimplemented OpenGL ES API
E/SurfaceFlinger(   55): glCheckFramebufferStatusOES error 1923359790
E/SurfaceFlinger(   55): got GL_FRAMEBUFFER_COMPLETE_OES error while taking screenshot
E/libEGL  (   55): called unimplemented OpenGL ES API
E/libEGL  (   55): called unimplemented OpenGL ES API
W/WindowManager(  385): Screenshot failure taking screenshot for (328x583) to layer 21005
I/Choreographer(  618): Skipped 35 frames!  The application may be doing too much work on its main thread.
I/ActivityManager(  385): Start proc com.example.test for activity com.example.test/.MainActivity: pid=1367 uid=10052 gids={50052}
D/dalvikvm( 1367): Not late-enabling CheckJNI (already on)
I/dalvikvm( 1367): Could not find method android.view.ViewGroup.onNestedScrollAccepted, referenced from method android.support.v7.internal.widget.ActionBarOverlayLayout.onNestedScrollAccepted
W/dalvikvm( 1367): VFY: unable to resolve virtual method 12206: Landroid/view/ViewGroup;.onNestedScrollAccepted (Landroid/view/View;Landroid/view/View;I)V
D/dalvikvm( 1367): VFY: replacing opcode 0x6f at 0x0000
I/dalvikvm( 1367): Could not find method android.view.ViewGroup.onStopNestedScroll, referenced from method android.support.v7.internal.widget.ActionBarOverlayLayout.onStopNestedScroll
W/dalvikvm( 1367): VFY: unable to resolve virtual method 12212: Landroid/view/ViewGroup;.onStopNestedScroll (Landroid/view/View;)V
D/dalvikvm( 1367): VFY: replacing opcode 0x6f at 0x0000
I/dalvikvm( 1367): Could not find method android.support.v7.internal.widget.ActionBarOverlayLayout.stopNestedScroll, referenced from method android.support.v7.internal.widget.ActionBarOverlayLayout.setHideOnContentScrollEnabled
W/dalvikvm( 1367): VFY: unable to resolve virtual method 9777: Landroid/support/v7/internal/widget/ActionBarOverlayLayout;.stopNestedScroll ()V
D/dalvikvm( 1367): VFY: replacing opcode 0x6e at 0x000e
I/dalvikvm( 1367): Could not find method android.content.res.TypedArray.getChangingConfigurations, referenced from method android.support.v7.internal.widget.TintTypedArray.getChangingConfigurations
W/dalvikvm( 1367): VFY: unable to resolve virtual method 392: Landroid/content/res/TypedArray;.getChangingConfigurations ()I
D/dalvikvm( 1367): VFY: replacing opcode 0x6e at 0x0002
I/dalvikvm( 1367): Could not find method android.content.res.TypedArray.getType, referenced from method android.support.v7.internal.widget.TintTypedArray.getType
W/dalvikvm( 1367): VFY: unable to resolve virtual method 414: Landroid/content/res/TypedArray;.getType (I)I
D/dalvikvm( 1367): VFY: replacing opcode 0x6e at 0x0002
I/dalvikvm( 1367): Could not find method android.content.res.Resources.getDrawable, referenced from method android.support.v7.internal.widget.ResourcesWrapper.getDrawable
W/dalvikvm( 1367): VFY: unable to resolve virtual method 355: Landroid/content/res/Resources;.getDrawable (ILandroid/content/res/Resources$Theme;)Landroid/graphics/drawable/Drawable;
D/dalvikvm( 1367): VFY: replacing opcode 0x6e at 0x0002
I/dalvikvm( 1367): Could not find method android.content.res.Resources.getDrawableForDensity, referenced from method android.support.v7.internal.widget.ResourcesWrapper.getDrawableForDensity
W/dalvikvm( 1367): VFY: unable to resolve virtual method 357: Landroid/content/res/Resources;.getDrawableForDensity (IILandroid/content/res/Resources$Theme;)Landroid/graphics/drawable/Drawable;
D/dalvikvm( 1367): VFY: replacing opcode 0x6e at 0x0002
D/gralloc_goldfish( 1367): Emulator without GPU emulation detected.
I/ActivityManager(  385): Displayed com.example.test/.MainActivity: +1s700ms
I/dalvikvm( 1367): Debugger is active
D/dalvikvm(  385): GC_CONCURRENT freed 1291K, 16% free 7408K/8784K, paused 9ms+12ms, total 156ms
I/ProcessStatsService(  385): Prepared write state in 16ms
D/ConnectivityService(  385): Sampling interval elapsed, updating statistics ..
D/ConnectivityService(  385): Done.
D/ConnectivityService(  385): Setting timer for 720seconds
D/MobileDataStateTracker(  385): default: setPolicyDataEnable(enabled=true)
I/ActivityManager(  385): Killing 657:com.android.printspooler/u0a39 (adj 15): empty for 1815s
D/dalvikvm(  607): GC_CONCURRENT freed 397K, 16% free 3426K/4060K, paused 3ms+3ms, total 32ms
I/ActivityManager(  385): Killing 675:android.process.acore/u0a2 (adj 15): empty for 1803s
I/ActivityManager(  385): Killing 698:com.android.defcontainer/u0a3 (adj 15): empty for 1832s
I/ActivityManager(  385): Killing 874:com.android.dialer/u0a4 (adj 15): empty for 1832s
I/ActivityManager(  385): Killing 837:com.android.music/u0a32 (adj 15): empty for 1842s
W/MediaFocusControl(  385):   RemoteControlClient died
D/MobileDataStateTracker(  385): default: setPolicyDataEnable(enabled=true)
F/libc    ( 1367): Fatal signal 11 (SIGSEGV) at 0x80000008 (code=1), thread 1373 (JDWP)
I/DEBUG   (   53): *** *** *** *** *** *** *** *** *** *** *** *** *** *** *** ***
I/DEBUG   (   53): Build fingerprint: 'generic/sdk/generic:4.4.2/KK/938007:eng/test-keys'
I/DEBUG   (   53): Revision: '0'
I/DEBUG   (   53): pid: 1367, tid: 1373, name: JDWP  >>> com.example.test <<<
I/DEBUG   (   53): signal 11 (SIGSEGV), code 1 (SEGV_MAPERR), fault addr 80000008
I/DEBUG   (   53):     r0 80000000  r1 000000c1  r2 00000000  r3 000000c1
I/DEBUG   (   53):     r4 b7b0d220  r5 ac40dcc4  r6 b7b0d220  r7 b79dbdc8
I/DEBUG   (   53):     r8 00000008  r9 b7ad99ef  sl 00000000  fp 0000000d
I/DEBUG   (   53):     ip 80000000  sp ac40dc70  lr b5ac7e33  pc b5aa74e0  cpsr 40000030
I/DEBUG   (   53):     d0  4a3a80004d8c4961  d1  0000006042c090a6
I/DEBUG   (   53):     d2  56c000003ec00000  d3  0000004042810000
I/DEBUG   (   53):     d4  428000003f000000  d5  4280000042810000
I/DEBUG   (   53):     d6  0000000000000000  d7  42c800004a339120
I/DEBUG   (   53):     d8  0000000000000000  d9  0000000000000000
I/DEBUG   (   53):     d10 0000000000000000  d11 0000000000000000
I/DEBUG   (   53):     d12 0000000000000000  d13 0000000000000000
I/DEBUG   (   53):     d14 0000000000000000  d15 0000000000000000
I/DEBUG   (   53):     scr 80000010
I/DEBUG   (   53): 
I/DEBUG   (   53): backtrace:
I/DEBUG   (   53):     #00  pc 000424e0  /system/lib/libdvm.so (dvmDbgGetTagWidth(int)+135)
I/DEBUG   (   53):     #01  pc 00062e2f  /system/lib/libdvm.so
I/DEBUG   (   53):     #02  pc 00063b47  /system/lib/libdvm.so (dvmJdwpProcessRequest(JdwpState*, JdwpReqHeader const*, unsigned char const*, int, ExpandBuf*)+110)
I/DEBUG   (   53):     #03  pc 00061439  /system/lib/libdvm.so
I/DEBUG   (   53):     #04  pc 00063d65  /system/lib/libdvm.so
I/DEBUG   (   53):     #05  pc 0005470d  /system/lib/libdvm.so
I/DEBUG   (   53):     #06  pc 0000d060  /system/lib/libc.so (__thread_entry+72)
I/DEBUG   (   53):     #07  pc 0000d1f8  /system/lib/libc.so (pthread_create+240)
I/DEBUG   (   53): 
I/DEBUG   (   53): stack:
I/DEBUG   (   53):          ac40dc30  ac40dc54  [stack:1373]
I/DEBUG   (   53):          ac40dc34  b5ac83fb  /system/lib/libdvm.so
I/DEBUG   (   53):          ac40dc38  0000000c  
I/DEBUG   (   53):          ac40dc3c  0000004c  
I/DEBUG   (   53):          ac40dc40  b7b20e3e  [heap]
I/DEBUG   (   53):          ac40dc44  00000008  
I/DEBUG   (   53):          ac40dc48  0000004c  
I/DEBUG   (   53):          ac40dc4c  00000008  
I/DEBUG   (   53):          ac40dc50  00000000  
I/DEBUG   (   53):          ac40dc54  00000000  
I/DEBUG   (   53):          ac40dc58  b79dbdc8  [heap]
I/DEBUG   (   53):          ac40dc5c  b79dbe60  [heap]
I/DEBUG   (   53):          ac40dc60  b79dbe64  [heap]
I/DEBUG   (   53):          ac40dc64  b7b0d220  [heap]
I/DEBUG   (   53):          ac40dc68  ac40dcc4  [stack:1373]
I/DEBUG   (   53):          ac40dc6c  b5ac7e2f  /system/lib/libdvm.so
I/DEBUG   (   53):     #00  ac40dc70  b79dbdc8  [heap]
I/DEBUG   (   53):          ........  ........
I/DEBUG   (   53):     #01  ac40dc70  b79dbdc8  [heap]
I/DEBUG   (   53):          ac40dc74  b7ad99f7  [heap]
I/DEBUG   (   53):          ac40dc78  b5ac7e21  /system/lib/libdvm.so
I/DEBUG   (   53):          ac40dc7c  b5ac8b49  /system/lib/libdvm.so (dvmJdwpProcessRequest(JdwpState*, JdwpReqHeader const*, unsigned char const*, int, ExpandBuf*)+112)
I/DEBUG   (   53):     #02  ac40dc80  00000001  
I/DEBUG   (   53):          ac40dc84  b79dbdc8  [heap]
I/DEBUG   (   53):          ac40dc88  00000013  
I/DEBUG   (   53):          ac40dc8c  b7ad99c8  [heap]
I/DEBUG   (   53):          ac40dc90  b7ad99e4  [heap]
I/DEBUG   (   53):          ac40dc94  b7b0d220  [heap]
I/DEBUG   (   53):          ac40dc98  00000001  
I/DEBUG   (   53):          ac40dc9c  b79dbdc8  [heap]
I/DEBUG   (   53):          ac40dca0  00000013  
I/DEBUG   (   53):          ac40dca4  b7ad99c8  [heap]
I/DEBUG   (   53):          ac40dca8  b7ad99e4  [heap]
I/DEBUG   (   53):          ac40dcac  b5ac643d  /system/lib/libdvm.so
I/DEBUG   (   53): 
I/DEBUG   (   53): memory near r0:
I/DEBUG   (   53):     7fffffe0 ffffffff ffffffff ffffffff ffffffff  
I/DEBUG   (   53):     7ffffff0 ffffffff ffffffff ffffffff ffffffff  
I/DEBUG   (   53):     80000000 ffffffff ffffffff ffffffff ffffffff  
I/DEBUG   (   53):     80000010 ffffffff ffffffff ffffffff ffffffff  
I/DEBUG   (   53):     80000020 ffffffff ffffffff ffffffff ffffffff  
I/DEBUG   (   53):     80000030 ffffffff ffffffff ffffffff ffffffff  
I/DEBUG   (   53):     80000040 ffffffff ffffffff ffffffff ffffffff  
I/DEBUG   (   53):     80000050 ffffffff ffffffff ffffffff ffffffff  
I/DEBUG   (   53):     80000060 ffffffff ffffffff ffffffff ffffffff  
I/DEBUG   (   53):     80000070 ffffffff ffffffff ffffffff ffffffff  
I/DEBUG   (   53):     80000080 ffffffff ffffffff ffffffff ffffffff  
I/DEBUG   (   53):     80000090 ffffffff ffffffff ffffffff ffffffff  
I/DEBUG   (   53):     800000a0 ffffffff ffffffff ffffffff ffffffff  
I/DEBUG   (   53):     800000b0 ffffffff ffffffff ffffffff ffffffff  
I/DEBUG   (   53):     800000c0 ffffffff ffffffff ffffffff ffffffff  
I/DEBUG   (   53):     800000d0 ffffffff ffffffff ffffffff ffffffff  
I/DEBUG   (   53): 
I/DEBUG   (   53): memory near r4:
I/DEBUG   (   53):     b7b0d200 6143206c 65686374 65614472 006e6f6d  
I/DEBUG   (   53):     b7b0d210 00000044 b6f2d1a0 00000000 00000013  
I/DEBUG   (   53):     b7b0d220 b7b0be60 0000000b 00000040 00000023  
I/DEBUG   (   53):     b7b0d230 00000001 0000000a 00000000 00000000  
I/DEBUG   (   53):     b7b0d240 00450054 00540053 00000000 00000063  
I/DEBUG   (   53):     b7b0d250 b6e6a558 b7b0d2b0 b6e69d38 b7b0d2d8  
I/DEBUG   (   53):     b7b0d260 00000004 00000007 00000004 42be0000  
I/DEBUG   (   53):     b7b0d270 3f800000 c1e80000 42bc0000 3f800000  
I/DEBUG   (   53):     b7b0d280 b6e6a578 b7b0d300 00000004 00000007  
I/DEBUG   (   53):     b7b0d290 00000002 b6e69d38 b7b0d320 00000008  
I/DEBUG   (   53):     b7b0d2a0 00000007 00000004 00000000 0000001b  
I/DEBUG   (   53):     b7b0d2b0 00000001 00000001 b7b0d250 00000000  
I/DEBUG   (   53):     b7b0d2c0 00000000 0000002b 00000001 00000010  
I/DEBUG   (   53):     b7b0d2d0 00000000 00000000 41c00000 41b80000  
I/DEBUG   (   53):     b7b0d2e0 41c00000 41c00000 00000000 00000023  
I/DEBUG   (   53):     b7b0d2f0 00000001 00000008 00000000 00000000  
I/DEBUG   (   53): 
I/DEBUG   (   53): memory near r5:
I/DEBUG   (   53):     ac40dca4 b7ad99c8 b7ad99e4 b5ac643d b7b0d220  
I/DEBUG   (   53):     ac40dcb4 00000000 b7ad99ef 000034df b7ad99ef  
I/DEBUG   (   53):     ac40dcc4 00000013 000034df b6f0010d 00000000  
I/DEBUG   (   53):     ac40dcd4 00008000 00000000 00000000 00000000  
I/DEBUG   (   53):     ac40dce4 00000000 00000000 00000000 00000000  
I/DEBUG   (   53):     ac40dcf4 00000000 00000000 00000000 00000000  
I/DEBUG   (   53):     ac40dd04 00000000 00000000 00000000 00000000  
I/DEBUG   (   53):     ac40dd14 00000000 00000000 00000000 00000000  
I/DEBUG   (   53):     ac40dd24 00000000 00000000 00000000 00000000  
I/DEBUG   (   53):     ac40dd34 00000000 00000000 00000000 00000000  
I/DEBUG   (   53):     ac40dd44 00000000 00000000 00000000 b1d46110  
I/DEBUG   (   53):     ac40dd54 b79dbdc8 00000000 b79dbe34 00000008  
I/DEBUG   (   53):     ac40dd64 b5afe2e8 b5aff437 b79dbe1c b6f2b2c4  
I/DEBUG   (   53):     ac40dd74 b5ac8d67 00000001 b79dbe80 b5b141f0  
I/DEBUG   (   53):     ac40dd84 beb9a698 b79dbe80 b5ab96c1 ac310000  
I/DEBUG   (   53):     ac40dd94 b5ab970f b79dbe80 00010002 b79dbea0  
I/DEBUG   (   53): 
I/DEBUG   (   53): memory near r6:
I/DEBUG   (   53):     b7b0d200 6143206c 65686374 65614472 006e6f6d  
I/DEBUG   (   53):     b7b0d210 00000044 b6f2d1a0 00000000 00000013  
I/DEBUG   (   53):     b7b0d220 b7b0be60 0000000b 00000040 00000023  
I/DEBUG   (   53):     b7b0d230 00000001 0000000a 00000000 00000000  
I/DEBUG   (   53):     b7b0d240 00450054 00540053 00000000 00000063  
I/DEBUG   (   53):     b7b0d250 b6e6a558 b7b0d2b0 b6e69d38 b7b0d2d8  
I/DEBUG   (   53):     b7b0d260 00000004 00000007 00000004 42be0000  
I/DEBUG   (   53):     b7b0d270 3f800000 c1e80000 42bc0000 3f800000  
I/DEBUG   (   53):     b7b0d280 b6e6a578 b7b0d300 00000004 00000007  
I/DEBUG   (   53):     b7b0d290 00000002 b6e69d38 b7b0d320 00000008  
I/DEBUG   (   53):     b7b0d2a0 00000007 00000004 00000000 0000001b  
I/DEBUG   (   53):     b7b0d2b0 00000001 00000001 b7b0d250 00000000  
I/DEBUG   (   53):     b7b0d2c0 00000000 0000002b 00000001 00000010  
I/DEBUG   (   53):     b7b0d2d0 00000000 00000000 41c00000 41b80000  
I/DEBUG   (   53):     b7b0d2e0 41c00000 41c00000 00000000 00000023  
I/DEBUG   (   53):     b7b0d2f0 00000001 00000008 00000000 00000000  
I/DEBUG   (   53): 
I/DEBUG   (   53): memory near r7:
I/DEBUG   (   53):     b79dbda8 b5b0d044 b5b0d4b8 00000003 b79c1c10  
I/DEBUG   (   53):     b79dbdb8 00000000 b79c25f0 b79dbd68 000000bb  
I/DEBUG   (   53):     b79dbdc8 00000002 b6000001 00000000 00000000  
I/DEBUG   (   53):     b79dbdd8 b79dbcf0 b66dfec8 b6eedafd 00000000  
I/DEBUG   (   53):     b79dbde8 b66dc573 b7ad9940 b79e87f0 b7ad9948  
I/DEBUG   (   53):     b79dbdf8 b7ad9948 b5b0fc74 b6ef111f b6f29000  
I/DEBUG   (   53):     b79dbe08 4b788dc1 0000a7d0 00000000 fffffffe  
I/DEBUG   (   53):     b79dbe18 00000001 b79c2320 b1d46110 000000c1  
I/DEBUG   (   53):     b79dbe28 00000001 b5b0d85c b7ad99c8 00000000  
I/DEBUG   (   53):     b79dbe38 fffffffe 00000000 00000000 00000000  
I/DEBUG   (   53):     b79dbe48 100000c2 2000000b 00000000 0000000b  
I/DEBUG   (   53):     b79dbe58 b7b0d348 00000000 00000000 fffffe80  
I/DEBUG   (   53):     b79dbe68 00000000 00000000 00000000 00000000  
I/DEBUG   (   53):     b79dbe78 d1d1d1d1 00000023 b5ac8cc1 b79dbdc8  
I/DEBUG   (   53):     b79dbe88 b79dbea0 b1a73880 d1d1d101 beb9a698  
I/DEBUG   (   53):     b79dbe98 beb9a69c 00000013 5057444a d1d1d100  
I/DEBUG   (   53): 
I/DEBUG   (   53): memory near r9:
I/DEBUG   (   53):     b7ad99cc 00000000 00000021 00000000 00000024  
I/DEBUG   (   53):     b7ad99dc 00000025 00000013 13000000 df340000  
I/DEBUG   (   53):     b7ad99ec 00010d00 80c10000 00000000 b0000000  
I/DEBUG   (   53):     b7ad99fc 00c0c928 00080000 5b020000 01000000  
I/DEBUG   (   53):     b7ad9a0c 00000046 00004603 004c0000 46090000  
I/DEBUG   (   53):     b7ad9a1c 0a000000 00000046 00004c0b 004c0c00  
I/DEBUG   (   53):     b7ad9a2c 00000000 00000000 00000000 00000000  
I/DEBUG   (   53):     b7ad9a3c 00000000 00000000 00000000 00000000  
I/DEBUG   (   53):     b7ad9a4c 00000000 00000000 00000000 00000000  
