--------- beginning of /dev/log/system
I/Vold    (   50): Vold 2.1 (the revenge) firing up
D/Vold    (   50): Volume sdcard state changing -1 (Initializing) -> 0 (No-Media)
I/SystemServer(  385): Entered the Android system server!
I/SystemServer(  385): Waiting for installd to be ready.
I/Installer(  385): connecting...
I/SystemServer(  385): Enabled StrictMode logging for WM Looper
I/SystemServer(  385): Power Manager
I/SystemServer(  385): Activity Manager
I/ActivityManager(  385): Memory class: 64
W/UsageStats(  385): Usage stats version changed; dropping
I/UiThread(  385): Enabled StrictMode logging for UI thread
I/IntentFirewall(  385): Read new rules (A:0 B:0 S:0)
I/ActivityManager(  385): Enabled StrictMode logging for AThread's Looper
I/SystemServer(  385): Display Manager
I/SystemServer(  385): Telephony Registry
I/SystemServer(  385): Scheduling Policy
I/DisplayManagerService(  385): Display device added: DisplayDeviceInfo{"Built-in Screen": 720 x 1280, 108.506004 fps, density 320, 320.0 x 320.0 dpi, touch INTERNAL, rotation 0, type BUILT_IN, FLAG_DEFAULT_DISPLAY, FLAG_ROTATES_WITH_CONTENT, FLAG_SECURE, FLAG_SUPPORTS_PROTECTED_BUFFERS}
I/SystemServer(  385): Package Manager
D/SELinuxMMAC(  385): Couldn't find install policy /data/security/mac_permissions.xml
D/SELinuxMMAC(  385): Using install policy file /system/etc/security/mac_permissions.xml
W/PackageManager(  385): Running ENG build: no pre-dexopt!
W/PackageParser(  385): No actions in intent filter at /system/priv-app/Contacts.apk Binary XML file line #375
W/PackageParser(  385): No actions in intent filter at /system/priv-app/Dialer.apk Binary XML file line #162
W/PackageParser(  385): No actions in intent filter at /data/app/ApiDemos.apk Binary XML file line #2899
W/PackageParser(  385): No actions in intent filter at /data/app/ApiDemos.apk Binary XML file line #2905
W/PackageManager(  385): Package com.example.android.apis desires unavailable shared library com.example.will.never.exist; ignoring!
W/PackageManager(  385): Package com.example.android.apis desires unavailable shared library com.example.will.never.exist; ignoring!
W/PackageManager(  385): Package com.android.camera desires unavailable shared library com.google.android.media.effects; ignoring!
I/PackageManager(  385): Time to scan packages: 12.119 seconds
W/PackageManager(  385): Not granting permission android.permission.GLOBAL_SEARCH to package com.android.quicksearchbox (protectionLevel=18 flags=0x8be45)
W/PackageManager(  385): Unknown permission com.android.smspush.WAPPUSH_MANAGER_BIND in package com.android.phone
W/PackageManager(  385): Unknown permission com.google.android.googleapps.permission.GOOGLE_AUTH in package com.android.providers.calendar
W/PackageManager(  385): Unknown permission com.google.android.googleapps.permission.GOOGLE_AUTH.cl in package com.android.providers.calendar
W/PackageManager(  385): Unknown permission com.google.android.googleapps.permission.GOOGLE_AUTH.mail in package com.android.calendar
W/PackageManager(  385): Not granting permission android.permission.ACCESS_DOWNLOAD_MANAGER to package com.android.browser (protectionLevel=18 flags=0x9be45)
W/PackageManager(  385): Not granting permission android.permission.SEND_DOWNLOAD_COMPLETED_INTENTS to package com.android.browser (protectionLevel=2 flags=0x9be45)
W/PackageManager(  385): Not granting permission android.permission.BIND_APPWIDGET to package com.android.widgetpreview (protectionLevel=18 flags=0x8be44)
W/PackageManager(  385): Unknown permission android.permission.INSTALL_DRM in package com.android.mms
W/PackageManager(  385): Unknown permission com.google.android.googleapps.permission.GOOGLE_AUTH in package com.android.settings
W/PackageManager(  385): Unknown permission com.google.android.googleapps.permission.ACCESS_GOOGLE_PASSWORD in package com.android.development
W/PackageManager(  385): Unknown permission com.google.android.googleapps.permission.GOOGLE_AUTH in package com.android.development
W/PackageManager(  385): Unknown permission com.google.android.googleapps.permission.GOOGLE_AUTH.ALL_SERVICES in package com.android.development
W/PackageManager(  385): Unknown permission com.google.android.googleapps.permission.GOOGLE_AUTH.YouTubeUser in package com.android.development
W/PackageManager(  385): Not granting permission android.permission.DELETE_PACKAGES to package com.svox.pico (protectionLevel=18 flags=0x8be45)
W/PackageManager(  385): Not granting permission android.permission.DEVICE_POWER to package com.android.deskclock (protectionLevel=2 flags=0x48be45)
I/SystemServer(  385): Entropy Mixer
I/EntropyMixer(  385): Writing entropy...
I/SystemServer(  385): User Service
I/SystemServer(  385): Account Manager
I/SystemServer(  385): Content Manager
I/SystemServer(  385): System Content Providers
I/SystemServer(  385): Lights Service
I/SystemServer(  385): Battery Service
I/SystemServer(  385): Vibrator Service
I/SystemServer(  385): Consumer IR Service
I/SystemServer(  385): Alarm Manager
I/SystemServer(  385): Init Watchdog
I/SystemServer(  385): Input Manager
I/InputManager(  385): Initializing input manager, mUseDevInputEventForAudioJack=false
I/SystemServer(  385): Window Manager
I/WindowManager(  385): No existing display settings /data/system/display_settings.xml; starting empty
I/WindowManager(  385): No keyguard interface!
I/InputManager(  385): Starting input manager
I/SystemServer(  385): No Bluetooh Service (emulator)
I/SystemServer(  385): Input Method Service
W/InputMethodManagerService(  385): Couldn't create dir.: /data/system/inputmethod
I/SystemServer(  385): Accessibility Manager
I/ActivityManager(  385): Config changes=1df8 {1.0 ?mcc?mnc en_US ldltr sw360dp w360dp h640dp 320dpi nrml long port ?uimode ?night -touch qwerty/v/v -nav/h s.2}
I/ActivityManager(  385): Config changes=508 {1.0 ?mcc?mnc en_US ldltr sw360dp w360dp h567dp 320dpi nrml port ?uimode ?night finger qwerty/v/v -nav/h s.3}
I/SystemServer(  385): Mount Service
D/MountService(  385): got storage path: /storage/sdcard description: USB storage primary: true removable: false emulated: false mtpReserve: 0 allowMassStorage: false maxFileSize: 0
D/MountService(  385): addVolumeLocked() StorageVolume:
D/MountService(  385):     mStorageId=0 mPath=/storage/sdcard mDescriptionId=17040664 mPrimary=true 
D/MountService(  385):     mRemovable=false mEmulated=false mMtpReserveSpace=0 
D/MountService(  385):     mAllowMassStorage=false mMaxFileSize=0 mOwner=null mUuid=null 
D/MountService(  385):     mUserLabel=null mState=null 
I/SystemServer(  385): LockSettingsService
I/SystemServer(  385): Device Policy
I/SystemServer(  385): Status Bar
I/SystemServer(  385): Clipboard Service
I/SystemServer(  385): NetworkManagement Service
I/SystemServer(  385): Text Service Manager Service
I/SystemServer(  385): NetworkStats Service
D/MountService(  385): volume state changed for /storage/sdcard (unmounted -> removed)
W/MountService(  385): getSecureContainerList() called when storage not mounted
I/SystemServer(  385): NetworkPolicy Service
I/SystemServer(  385): Wi-Fi P2pService
W/PackageManager(  385): Not granting permission android.permission.GLOBAL_SEARCH to package com.android.quicksearchbox (protectionLevel=18 flags=0x8be45)
W/PackageManager(  385): Unknown permission com.android.smspush.WAPPUSH_MANAGER_BIND in package com.android.phone
W/PackageManager(  385): Unknown permission com.google.android.googleapps.permission.GOOGLE_AUTH in package com.android.providers.calendar
W/PackageManager(  385): Unknown permission com.google.android.googleapps.permission.GOOGLE_AUTH.cl in package com.android.providers.calendar
W/PackageManager(  385): Unknown permission com.google.android.googleapps.permission.GOOGLE_AUTH.mail in package com.android.calendar
W/PackageManager(  385): Not granting permission android.permission.ACCESS_DOWNLOAD_MANAGER to package com.android.browser (protectionLevel=18 flags=0x9be45)
W/PackageManager(  385): Not granting permission android.permission.SEND_DOWNLOAD_COMPLETED_INTENTS to package com.android.browser (protectionLevel=2 flags=0x9be45)
W/PackageManager(  385): Not granting permission android.permission.BIND_APPWIDGET to package com.android.widgetpreview (protectionLevel=18 flags=0x8be44)
W/PackageManager(  385): Unknown permission android.permission.INSTALL_DRM in package com.android.mms
W/PackageManager(  385): Unknown permission com.google.android.googleapps.permission.GOOGLE_AUTH in package com.android.settings
W/PackageManager(  385): Unknown permission com.google.android.googleapps.permission.ACCESS_GOOGLE_PASSWORD in package com.android.development
W/PackageManager(  385): Unknown permission com.google.android.googleapps.permission.GOOGLE_AUTH in package com.android.development
W/PackageManager(  385): Unknown permission com.google.android.googleapps.permission.GOOGLE_AUTH.ALL_SERVICES in package com.android.development
W/PackageManager(  385): Unknown permission com.google.android.googleapps.permission.GOOGLE_AUTH.YouTubeUser in package com.android.development
W/PackageManager(  385): Not granting permission android.permission.DELETE_PACKAGES to package com.svox.pico (protectionLevel=18 flags=0x8be45)
W/PackageManager(  385): Not granting permission android.permission.DEVICE_POWER to package com.android.deskclock (protectionLevel=2 flags=0x48be45)
I/SystemServer(  385): Wi-Fi Service
I/SystemServer(  385): Connectivity Service
D/ConnectivityService(  385): ConnectivityService starting up
D/ConnectivityService(  385): wifiOnly=false
E/MobileDataStateTracker(  385): default: Ignoring feature request because could not acquire PhoneService
E/MobileDataStateTracker(  385): default: Could not enable APN type "default"
I/WifiService(  385): WifiService starting up with Wi-Fi disabled
I/SystemServer(  385): Network Service Discovery Service
D/NsdService(  385): Network service discovery enabled true
I/SystemServer(  385): UpdateLock Service
I/SystemServer(  385): Notification Manager
I/SystemServer(  385): Device Storage Monitor
I/SystemServer(  385): Location Manager
I/SystemServer(  385): Country Detector
I/SystemServer(  385): Search Service
I/SystemServer(  385): DropBox Service
I/SystemServer(  385): Wallpaper Service
I/SystemServer(  385): Audio Service
I/SystemServer(  385): Dock Observer
W/DockObserver(  385): This kernel does not have dock station support
I/SystemServer(  385): Wired Accessory Manager
W/WiredAccessoryManager(  385): This kernel does not have wired headset support
W/WiredAccessoryManager(  385): This kernel does not have usb audio support
W/WiredAccessoryManager(  385): This kernel does not have HDMI audio support
I/SystemServer(  385): USB Service
I/SystemServer(  385): Serial Service
I/SystemServer(  385): Twilight Service
I/SystemServer(  385): UI Mode Manager Service
I/SystemServer(  385): Backup Service
V/BackupManagerService(  385): Initializing package tracking
V/BackupManagerService(  385): No ancestral data
V/BackupManagerService(  385): addPackageParticipantsLocked: all
I/BackupManagerService(  385): Scheduling backup for new app com.android.calendar
D/BackupManagerService(  385): Now staging backup of com.android.calendar
I/BackupManagerService(  385): Scheduling backup for new app com.android.browser
D/BackupManagerService(  385): Now staging backup of com.android.browser
I/BackupManagerService(  385): Scheduling backup for new app com.android.providers.userdictionary
D/BackupManagerService(  385): Now staging backup of com.android.providers.userdictionary
I/BackupManagerService(  385): Scheduling backup for new app com.android.sharedstoragebackup
D/BackupManagerService(  385): Now staging backup of com.android.sharedstoragebackup
I/BackupManagerService(  385): Scheduling backup for new app android
D/BackupManagerService(  385): Now staging backup of android
I/BackupManagerService(  385): Scheduling backup for new app com.android.dialer
D/BackupManagerService(  385): Now staging backup of com.android.dialer
I/BackupManagerService(  385): Scheduling backup for new app com.android.providers.settings
D/BackupManagerService(  385): Now staging backup of com.android.providers.settings
V/BackupManagerService(  385): Starting with transport android/com.android.internal.backup.LocalTransport
V/BackupManagerService(  385): Found transports: 1
I/BackupManagerService(  385): Binding to transport host ComponentInfo{android/com.android.internal.backup.LocalTransportService}
I/BackupManagerService(  385): Found stale backup journal, scheduling
I/BackupManagerService(  385):   com.android.calendar
I/BackupManagerService(  385):   com.android.browser
I/BackupManagerService(  385):   com.android.providers.userdictionary
I/BackupManagerService(  385):   com.android.sharedstoragebackup
I/BackupManagerService(  385):   android
I/BackupManagerService(  385):   com.android.dialer
I/BackupManagerService(  385):   com.android.providers.settings
I/BackupManagerService(  385): Backup enabled => true
I/SystemServer(  385): AppWidget Service
I/SystemServer(  385): Recognition Service
I/SystemServer(  385): DiskStats Service
I/SystemServer(  385): SamplingProfiler Service
I/SystemServer(  385): NetworkTimeUpdateService
I/SystemServer(  385): CommonTimeManagementService
I/SystemServer(  385): CertBlacklister
I/SystemServer(  385): Dreams Service
I/SystemServer(  385): Assets Atlas Service
I/SystemServer(  385): IdleMaintenanceService
I/SystemServer(  385): Print Service
I/SystemServer(  385): Media Router Service
I/ActivityManager(  385): Start proc com.android.systemui for service com.android.keyguard/.KeyguardService: pid=458 uid=10007 gids={50007, 1028, 1015, 1035, 3002, 3001}
W/ActivityManager(  385): Failure reading last done pre-boot receivers
W/ActivityManager(  385): java.io.EOFException
W/ActivityManager(  385): 	at libcore.io.Streams.readFully(Streams.java:83)
W/ActivityManager(  385): 	at java.io.DataInputStream.readInt(DataInputStream.java:103)
W/ActivityManager(  385): 	at com.android.server.am.ActivityManagerService.readLastDonePreBootReceivers(ActivityManagerService.java:9129)
W/ActivityManager(  385): 	at com.android.server.am.ActivityManagerService.systemReady(ActivityManagerService.java:9221)
W/ActivityManager(  385): 	at com.android.server.ServerThread.initAndLoop(SystemServer.java:938)
W/ActivityManager(  385): 	at com.android.server.SystemServer.main(SystemServer.java:1179)
W/ActivityManager(  385): 	at java.lang.reflect.Method.invokeNative(Native Method)
W/ActivityManager(  385): 	at java.lang.reflect.Method.invoke(Method.java:515)
W/ActivityManager(  385): 	at com.android.internal.os.ZygoteInit$MethodAndArgsCaller.run(ZygoteInit.java:779)
W/ActivityManager(  385): 	at com.android.internal.os.ZygoteInit.main(ZygoteInit.java:595)
W/ActivityManager(  385): 	at dalvik.system.NativeStart.main(Native Method)
I/ActivityManager(  385): Sending system update to ComponentInfo{com.android.providers.calendar/com.android.providers.calendar.CalendarUpgradeReceiver} for user 0
I/ActivityManager(  385): Sending system update to ComponentInfo{com.android.providers.contacts/com.android.providers.contacts.ContactsUpgradeReceiver} for user 0
I/ActivityManager(  385): Sending system update to ComponentInfo{com.android.providers.media/com.android.providers.media.MediaUpgradeReceiver} for user 0
I/SystemServer(  385): Enabled StrictMode for system server main thread.
I/ActivityManager(  385): Start proc com.android.providers.calendar for broadcast com.android.providers.calendar/.CalendarUpgradeReceiver: pid=472 uid=10001 gids={50001, 3003, 1028, 1015}
I/ActivityManager(  385): Launching preboot mode app: ProcessRecord{b1f446d0 472:com.android.providers.calendar/u0a1}
W/InputMethodManagerService(  385): Focus gain on non-focused client android.view.inputmethod.InputMethodManager$1@b1faf188 (uid=1000 pid=385)
V/BackupManagerService(  385): Connected to transport ComponentInfo{android/com.android.internal.backup.LocalTransportService}
V/BackupManagerService(  385): Registering transport android/com.android.internal.backup.LocalTransportService::android/com.android.internal.backup.LocalTransport = com.android.internal.backup.LocalTransport@b1ec3f70
I/ActivityManager(  385): Start proc android.process.acore for broadcast com.android.providers.contacts/.ContactsUpgradeReceiver: pid=494 uid=10002 gids={50002, 3003, 1028, 1015}
I/ActivityManager(  385): Launching preboot mode app: ProcessRecord{b20022d8 494:android.process.acore/u0a2}
I/ActivityManager(  385): Start proc android.process.media for broadcast com.android.providers.media/.MediaUpgradeReceiver: pid=523 uid=10005 gids={50005, 1028, 1015, 1023, 1024, 2001, 3003, 3007}
I/ActivityManager(  385): Launching preboot mode app: ProcessRecord{b2007130 523:android.process.media/u0a5}
W/WindowManager(  385): Window freeze timeout expired.
W/WindowManager(  385): Force clearing orientation change: Window{b1f6f6f8 u0 Keyguard}
I/ActivityManager(  385): Writing new set of last done pre-boot receivers...
I/AppOps  (  385): Pruning old package media/1013: new uid=-1
I/ActivityManager(  385): Removing system update proc: ProcessRecord{b1f446d0 472:com.android.providers.calendar/u0a1}
I/ActivityManager(  385): Killing 472:com.android.providers.calendar/u0a1 (adj 13): system update done
I/ActivityManager(  385): Removing system update proc: ProcessRecord{b20022d8 494:android.process.acore/u0a2}
I/ActivityManager(  385): Killing 494:android.process.acore/u0a2 (adj 11): system update done
I/ActivityManager(  385): Removing system update proc: ProcessRecord{b2007130 523:android.process.media/u0a5}
I/ActivityManager(  385): Killing 523:android.process.media/u0a5 (adj 9): system update done
I/ActivityManager(  385): System now ready
I/SystemServer(  385): Making services ready
D/NetworkManagementService(  385): enabling bandwidth control
I/StatusBarManagerService(  385): registerStatusBar bar=com.android.internal.statusbar.IStatusBar$Stub$Proxy@b1e2e160
E/NetdConnector(  385): NDC Command {1 bandwidth enable} took too long (3480ms)
E/NetdConnector(  385): NDC Command {2 firewall disable} took too long (520ms)
I/ActivityManager(  385): Config changes=200 {1.0 ?mcc?mnc en_US ldltr sw360dp w360dp h567dp 320dpi nrml port finger qwerty/v/v -nav/h s.4}
W/RecognitionManagerService(  385): no available voice recognition services found for user 0
W/InputMethodManagerService(  385): Ignoring setImeWindowStatus of uid 1000 token: null
I/ActivityManager(  385): Start proc com.android.inputmethod.latin for service com.android.inputmethod.latin/.LatinIME: pid=589 uid=10029 gids={50029, 1028, 1015}
V/InputMethodManagerService(  385): Adding window token: android.os.Binder@b1ff2540
W/LocationManagerService(  385): no network location provider found
W/WindowManager(  385): Window freeze timeout expired.
W/WindowManager(  385): Force clearing orientation change: Window{b1f6f6f8 u0 Keyguard}
E/LocationManagerService(  385): no geocoder provider found
E/LocationManagerService(  385): No FusedProvider found.
E/LocationManagerService(  385): no geofence provider found
I/ActivityManager(  385): Start proc com.android.phone for added application com.android.phone: pid=607 uid=1001 gids={41001, 3002, 3001, 3003, 1028, 1015}
I/ActivityManager(  385): START u0 {act=android.intent.action.MAIN cat=[android.intent.category.HOME] flg=0x10000000 cmp=com.android.launcher/com.android.launcher2.Launcher} from pid 0
I/ActivityManager(  385): Start proc com.android.launcher for activity com.android.launcher/com.android.launcher2.Launcher: pid=618 uid=10008 gids={50008}
I/ActivityManager(  385): Start proc com.android.settings for broadcast com.android.settings/.widget.SettingsAppWidgetProvider: pid=625 uid=1000 gids={41000, 1028, 1015, 3002, 3001, 3003}
I/ActivityManager(  385): Start proc com.android.printspooler for service com.android.printspooler/.PrintSpoolerService: pid=657 uid=10039 gids={50039}
I/ActivityManager(  385): Start proc android.process.acore for content provider com.android.providers.userdictionary/.UserDictionaryProvider: pid=675 uid=10002 gids={50002, 3003, 1028, 1015}
I/ActivityManager(  385): Start proc com.android.defcontainer for on-hold: pid=698 uid=10003 gids={50003, 1028, 1015, 1023, 2001, 1035}
I/PackageManager(  385): Adding preferred activity ComponentInfo{com.android.mms/com.android.mms.ui.ComposeMessageActivity} for user 0 :
I/PackageManager(  385): Adding preferred activity ComponentInfo{com.android.mms/com.android.mms.ui.ComposeMessageActivity} for user 0 :
I/PackageManager(  385): Adding preferred activity ComponentInfo{com.android.mms/com.android.mms.ui.ComposeMessageActivity} for user 0 :
I/PackageManager(  385): Adding preferred activity ComponentInfo{com.android.mms/com.android.mms.ui.ComposeMessageActivity} for user 0 :
D/MobileDataStateTracker(  385): fota: Broadcast received: android.intent.action.ANY_DATA_STATE apnType=fota
D/MobileDataStateTracker(  385): fota: Received state=DISCONNECTED, old=DISCONNECTED, reason=radioTurnedOff
D/MobileDataStateTracker(  385): ia: Broadcast received: android.intent.action.ANY_DATA_STATE apnType=ia
D/MobileDataStateTracker(  385): ia: Received state=DISCONNECTED, old=DISCONNECTED, reason=radioTurnedOff
D/MobileDataStateTracker(  385): supl: Broadcast received: android.intent.action.ANY_DATA_STATE apnType=supl
D/MobileDataStateTracker(  385): supl: Received state=DISCONNECTED, old=DISCONNECTED, reason=radioTurnedOff
D/MobileDataStateTracker(  385): hipri: Broadcast received: android.intent.action.ANY_DATA_STATE apnType=hipri
D/MobileDataStateTracker(  385): hipri: Received state=DISCONNECTED, old=DISCONNECTED, reason=radioTurnedOff
D/MobileDataStateTracker(  385): ims: Broadcast received: android.intent.action.ANY_DATA_STATE apnType=ims
D/MobileDataStateTracker(  385): ims: Received state=DISCONNECTED, old=DISCONNECTED, reason=radioTurnedOff
D/MobileDataStateTracker(  385): default: Broadcast received: android.intent.action.ANY_DATA_STATE apnType=default
D/MobileDataStateTracker(  385): default: Received state=DISCONNECTED, old=DISCONNECTED, reason=radioTurnedOff
D/MobileDataStateTracker(  385): mms: Broadcast received: android.intent.action.ANY_DATA_STATE apnType=mms
D/MobileDataStateTracker(  385): mms: Received state=DISCONNECTED, old=DISCONNECTED, reason=radioTurnedOff
D/MobileDataStateTracker(  385): cbs: Broadcast received: android.intent.action.ANY_DATA_STATE apnType=cbs
D/MobileDataStateTracker(  385): cbs: Received state=DISCONNECTED, old=DISCONNECTED, reason=radioTurnedOff
D/MobileDataStateTracker(  385): fota: Broadcast received: android.intent.action.ANY_DATA_STATE apnType=fota
D/MobileDataStateTracker(  385): fota: Received state=DISCONNECTED, old=DISCONNECTED, reason=radioTurnedOff
D/MobileDataStateTracker(  385): ia: Broadcast received: android.intent.action.ANY_DATA_STATE apnType=ia
D/MobileDataStateTracker(  385): ia: Received state=DISCONNECTED, old=DISCONNECTED, reason=radioTurnedOff
D/MobileDataStateTracker(  385): supl: Broadcast received: android.intent.action.ANY_DATA_STATE apnType=supl
D/MobileDataStateTracker(  385): supl: Received state=DISCONNECTED, old=DISCONNECTED, reason=radioTurnedOff
D/MobileDataStateTracker(  385): hipri: Broadcast received: android.intent.action.ANY_DATA_STATE apnType=hipri
D/MobileDataStateTracker(  385): hipri: Received state=DISCONNECTED, old=DISCONNECTED, reason=radioTurnedOff
D/MobileDataStateTracker(  385): ims: Broadcast received: android.intent.action.ANY_DATA_STATE apnType=ims
D/MobileDataStateTracker(  385): ims: Received state=DISCONNECTED, old=DISCONNECTED, reason=radioTurnedOff
D/MobileDataStateTracker(  385): default: Broadcast received: android.intent.action.ANY_DATA_STATE apnType=default
D/MobileDataStateTracker(  385): default: Received state=DISCONNECTED, old=DISCONNECTED, reason=radioTurnedOff
D/MobileDataStateTracker(  385): mms: Broadcast received: android.intent.action.ANY_DATA_STATE apnType=mms
D/MobileDataStateTracker(  385): mms: Received state=DISCONNECTED, old=DISCONNECTED, reason=radioTurnedOff
D/MobileDataStateTracker(  385): cbs: Broadcast received: android.intent.action.ANY_DATA_STATE apnType=cbs
D/MobileDataStateTracker(  385): cbs: Received state=DISCONNECTED, old=DISCONNECTED, reason=radioTurnedOff
D/MobileDataStateTracker(  385): fota: Broadcast received: android.intent.action.ANY_DATA_STATE apnType=fota
D/MobileDataStateTracker(  385): fota: Received state=DISCONNECTED, old=DISCONNECTED, reason=dataDetached
D/MobileDataStateTracker(  385): ia: Broadcast received: android.intent.action.ANY_DATA_STATE apnType=ia
D/MobileDataStateTracker(  385): ia: Received state=DISCONNECTED, old=DISCONNECTED, reason=dataDetached
D/MobileDataStateTracker(  385): supl: Broadcast received: android.intent.action.ANY_DATA_STATE apnType=supl
D/MobileDataStateTracker(  385): supl: Received state=DISCONNECTED, old=DISCONNECTED, reason=dataDetached
D/MobileDataStateTracker(  385): hipri: Broadcast received: android.intent.action.ANY_DATA_STATE apnType=hipri
D/MobileDataStateTracker(  385): hipri: Received state=DISCONNECTED, old=DISCONNECTED, reason=dataDetached
D/MobileDataStateTracker(  385): ims: Broadcast received: android.intent.action.ANY_DATA_STATE apnType=ims
D/MobileDataStateTracker(  385): ims: Received state=DISCONNECTED, old=DISCONNECTED, reason=dataDetached
D/MobileDataStateTracker(  385): default: Broadcast received: android.intent.action.ANY_DATA_STATE apnType=default
D/MobileDataStateTracker(  385): default: Received state=DISCONNECTED, old=DISCONNECTED, reason=dataDetached
D/MobileDataStateTracker(  385): mms: Broadcast received: android.intent.action.ANY_DATA_STATE apnType=mms
D/MobileDataStateTracker(  385): mms: Received state=DISCONNECTED, old=DISCONNECTED, reason=dataDetached
D/MobileDataStateTracker(  385): cbs: Broadcast received: android.intent.action.ANY_DATA_STATE apnType=cbs
D/MobileDataStateTracker(  385): cbs: Received state=DISCONNECTED, old=DISCONNECTED, reason=dataDetached
D/MobileDataStateTracker(  385): fota: Broadcast received: android.intent.action.ANY_DATA_STATE apnType=fota
D/MobileDataStateTracker(  385): fota: Received state=DISCONNECTED, old=DISCONNECTED, reason=roamingOff
D/MobileDataStateTracker(  385): ia: Broadcast received: android.intent.action.ANY_DATA_STATE apnType=ia
D/MobileDataStateTracker(  385): ia: Received state=DISCONNECTED, old=DISCONNECTED, reason=roamingOff
D/MobileDataStateTracker(  385): supl: Broadcast received: android.intent.action.ANY_DATA_STATE apnType=supl
D/MobileDataStateTracker(  385): supl: Received state=DISCONNECTED, old=DISCONNECTED, reason=roamingOff
D/MobileDataStateTracker(  385): hipri: Broadcast received: android.intent.action.ANY_DATA_STATE apnType=hipri
D/MobileDataStateTracker(  385): hipri: Received state=DISCONNECTED, old=DISCONNECTED, reason=roamingOff
D/MobileDataStateTracker(  385): ims: Broadcast received: android.intent.action.ANY_DATA_STATE apnType=ims
D/MobileDataStateTracker(  385): ims: Received state=DISCONNECTED, old=DISCONNECTED, reason=roamingOff
D/MobileDataStateTracker(  385): default: Broadcast received: android.intent.action.ANY_DATA_STATE apnType=default
D/MobileDataStateTracker(  385): default: Received state=DISCONNECTED, old=DISCONNECTED, reason=roamingOff
D/MobileDataStateTracker(  385): mms: Broadcast received: android.intent.action.ANY_DATA_STATE apnType=mms
D/MobileDataStateTracker(  385): mms: Received state=DISCONNECTED, old=DISCONNECTED, reason=roamingOff
D/MobileDataStateTracker(  385): cbs: Broadcast received: android.intent.action.ANY_DATA_STATE apnType=cbs
D/MobileDataStateTracker(  385): cbs: Received state=DISCONNECTED, old=DISCONNECTED, reason=roamingOff
D/MobileDataStateTracker(  385): fota: Broadcast received: android.intent.action.ANY_DATA_STATE apnType=fota
D/MobileDataStateTracker(  385): fota: Received state=DISCONNECTED, old=DISCONNECTED, reason=roamingOff
D/MobileDataStateTracker(  385): ia: Broadcast received: android.intent.action.ANY_DATA_STATE apnType=ia
D/MobileDataStateTracker(  385): ia: Received state=DISCONNECTED, old=DISCONNECTED, reason=roamingOff
D/MobileDataStateTracker(  385): supl: Broadcast received: android.intent.action.ANY_DATA_STATE apnType=supl
D/MobileDataStateTracker(  385): supl: Received state=DISCONNECTED, old=DISCONNECTED, reason=roamingOff
D/MobileDataStateTracker(  385): hipri: Broadcast received: android.intent.action.ANY_DATA_STATE apnType=hipri
D/MobileDataStateTracker(  385): hipri: Received state=DISCONNECTED, old=DISCONNECTED, reason=roamingOff
D/MobileDataStateTracker(  385): ims: Broadcast received: android.intent.action.ANY_DATA_STATE apnType=ims
D/MobileDataStateTracker(  385): ims: Received state=DISCONNECTED, old=DISCONNECTED, reason=roamingOff
D/MobileDataStateTracker(  385): default: Broadcast received: android.intent.action.ANY_DATA_STATE apnType=default
D/MobileDataStateTracker(  385): default: Received state=DISCONNECTED, old=DISCONNECTED, reason=roamingOff
D/MobileDataStateTracker(  385): mms: Broadcast received: android.intent.action.ANY_DATA_STATE apnType=mms
D/MobileDataStateTracker(  385): mms: Received state=DISCONNECTED, old=DISCONNECTED, reason=roamingOff
D/MobileDataStateTracker(  385): cbs: Broadcast received: android.intent.action.ANY_DATA_STATE apnType=cbs
D/MobileDataStateTracker(  385): cbs: Received state=DISCONNECTED, old=DISCONNECTED, reason=roamingOff
D/MobileDataStateTracker(  385): fota: Broadcast received: android.intent.action.ANY_DATA_STATE apnType=fota
D/MobileDataStateTracker(  385): fota: Received state=DISCONNECTED, old=DISCONNECTED, reason=dataAttached
D/MobileDataStateTracker(  385): ia: Broadcast received: android.intent.action.ANY_DATA_STATE apnType=ia
D/MobileDataStateTracker(  385): ia: Received state=DISCONNECTED, old=DISCONNECTED, reason=dataAttached
D/MobileDataStateTracker(  385): supl: Broadcast received: android.intent.action.ANY_DATA_STATE apnType=supl
D/MobileDataStateTracker(  385): supl: Received state=DISCONNECTED, old=DISCONNECTED, reason=dataAttached
D/MobileDataStateTracker(  385): hipri: Broadcast received: android.intent.action.ANY_DATA_STATE apnType=hipri
D/MobileDataStateTracker(  385): hipri: Received state=DISCONNECTED, old=DISCONNECTED, reason=dataAttached
D/MobileDataStateTracker(  385): ims: Broadcast received: android.intent.action.ANY_DATA_STATE apnType=ims
D/MobileDataStateTracker(  385): ims: Received state=DISCONNECTED, old=DISCONNECTED, reason=dataAttached
D/MobileDataStateTracker(  385): mms: Broadcast received: android.intent.action.ANY_DATA_STATE apnType=mms
D/MobileDataStateTracker(  385): mms: Received state=DISCONNECTED, old=DISCONNECTED, reason=dataAttached
D/MobileDataStateTracker(  385): cbs: Broadcast received: android.intent.action.ANY_DATA_STATE apnType=cbs
D/MobileDataStateTracker(  385): cbs: Received state=DISCONNECTED, old=DISCONNECTED, reason=dataAttached
D/MobileDataStateTracker(  385): fota: Broadcast received: android.intent.action.ANY_DATA_STATE apnType=fota
D/MobileDataStateTracker(  385): fota: Received state=DISCONNECTED, old=DISCONNECTED, reason=dataAttached
D/MobileDataStateTracker(  385): ia: Broadcast received: android.intent.action.ANY_DATA_STATE apnType=ia
D/MobileDataStateTracker(  385): ia: Received state=DISCONNECTED, old=DISCONNECTED, reason=dataAttached
D/MobileDataStateTracker(  385): supl: Broadcast received: android.intent.action.ANY_DATA_STATE apnType=supl
D/MobileDataStateTracker(  385): supl: Received state=DISCONNECTED, old=DISCONNECTED, reason=dataAttached
D/MobileDataStateTracker(  385): hipri: Broadcast received: android.intent.action.ANY_DATA_STATE apnType=hipri
D/MobileDataStateTracker(  385): hipri: Received state=DISCONNECTED, old=DISCONNECTED, reason=dataAttached
D/MobileDataStateTracker(  385): ims: Broadcast received: android.intent.action.ANY_DATA_STATE apnType=ims
D/MobileDataStateTracker(  385): ims: Received state=DISCONNECTED, old=DISCONNECTED, reason=dataAttached
D/MobileDataStateTracker(  385): mms: Broadcast received: android.intent.action.ANY_DATA_STATE apnType=mms
D/MobileDataStateTracker(  385): mms: Received state=DISCONNECTED, old=DISCONNECTED, reason=dataAttached
D/MobileDataStateTracker(  385): cbs: Broadcast received: android.intent.action.ANY_DATA_STATE apnType=cbs
D/MobileDataStateTracker(  385): cbs: Received state=DISCONNECTED, old=DISCONNECTED, reason=dataAttached
D/MccTable(  607): updateMccMncConfiguration: mcc=310, mnc=260
D/MccTable(  607): timezone set to America/New_York
D/MccTable(  607): getLocaleFromMcc to en_us mcc=310
D/MccTable(  607): getLocaleForLanguageCountry: got match
D/MccTable(  607): getLocaleForLanguageCountry: X locale=en_US
D/MccTable(  607): WIFI_COUNTRY_CODE set to us
I/WifiService(  385): WifiService trying to set country code to us with persist set to true
D/MccTable(  607): updateMccMncConfiguration updateConfig config={1.0 310mcc260mnc en_US ldltr ?swdp ?wdp ?hdp ?density ?lsize ?long ?orien ?uimode ?night ?touch ?keyb/?/? ?nav/?}
I/ActivityManager(  385): Config changes=3 {1.0 310mcc260mnc en_US ldltr sw360dp w360dp h567dp 320dpi nrml port finger qwerty/v/v -nav/h s.5}
D/MccTable(  607): updateMccMncConfiguration: mcc=310, mnc=260
D/MccTable(  607): getLocaleFromMcc to en_us mcc=310
D/MccTable(  607): getLocaleForLanguageCountry: skipping already persisted
D/MccTable(  607): getLocaleForLanguageCountry: X locale=null
D/MccTable(  607): WIFI_COUNTRY_CODE set to us
I/WifiService(  385): WifiService trying to set country code to us with persist set to true
D/MccTable(  607): updateMccMncConfiguration updateConfig config={1.0 310mcc260mnc ?locale ?layoutDir ?swdp ?wdp ?hdp ?density ?lsize ?long ?orien ?uimode ?night ?touch ?keyb/?/? ?nav/?}
W/WindowManager(  385): Window freeze timeout expired.
W/WindowManager(  385): Force clearing orientation change: Window{b1f6f6f8 u0 Keyguard}
V/KeyguardTouchDelegate(  458): Connected to keyguard
D/MobileDataStateTracker(  385): fota: Broadcast received: android.intent.action.ANY_DATA_STATE apnType=fota
D/MobileDataStateTracker(  385): fota: Received state=DISCONNECTED, old=DISCONNECTED, reason=simLoaded
D/MobileDataStateTracker(  385): ia: Broadcast received: android.intent.action.ANY_DATA_STATE apnType=ia
D/MobileDataStateTracker(  385): ia: Received state=DISCONNECTED, old=DISCONNECTED, reason=simLoaded
D/MobileDataStateTracker(  385): supl: Broadcast received: android.intent.action.ANY_DATA_STATE apnType=supl
D/MobileDataStateTracker(  385): supl: Received state=DISCONNECTED, old=DISCONNECTED, reason=simLoaded
D/MobileDataStateTracker(  385): hipri: Broadcast received: android.intent.action.ANY_DATA_STATE apnType=hipri
D/MobileDataStateTracker(  385): hipri: Received state=DISCONNECTED, old=DISCONNECTED, reason=simLoaded
D/MobileDataStateTracker(  385): ims: Broadcast received: android.intent.action.ANY_DATA_STATE apnType=ims
D/MobileDataStateTracker(  385): ims: Received state=DISCONNECTED, old=DISCONNECTED, reason=simLoaded
D/MobileDataStateTracker(  385): mms: Broadcast received: android.intent.action.ANY_DATA_STATE apnType=mms
D/MobileDataStateTracker(  385): mms: Received state=DISCONNECTED, old=DISCONNECTED, reason=simLoaded
D/MobileDataStateTracker(  385): cbs: Broadcast received: android.intent.action.ANY_DATA_STATE apnType=cbs
D/MobileDataStateTracker(  385): cbs: Received state=DISCONNECTED, old=DISCONNECTED, reason=simLoaded
D/MobileDataStateTracker(  385): default: Broadcast received: android.intent.action.ANY_DATA_STATE apnType=default
D/MobileDataStateTracker(  385): default: Received state=CONNECTING, old=DISCONNECTED, reason=simLoaded
D/MobileDataStateTracker(  385): default: setDetailed state, old =IDLE and new state=CONNECTING
D/MobileDataStateTracker(  385): fota: Broadcast received: android.intent.action.ANY_DATA_STATE apnType=fota
D/MobileDataStateTracker(  385): fota: Received state=DISCONNECTED, old=DISCONNECTED, reason=simLoaded
D/MobileDataStateTracker(  385): ia: Broadcast received: android.intent.action.ANY_DATA_STATE apnType=ia
D/MobileDataStateTracker(  385): ia: Received state=DISCONNECTED, old=DISCONNECTED, reason=simLoaded
D/MobileDataStateTracker(  385): supl: Broadcast received: android.intent.action.ANY_DATA_STATE apnType=supl
D/MobileDataStateTracker(  385): supl: Received state=DISCONNECTED, old=DISCONNECTED, reason=simLoaded
D/MobileDataStateTracker(  385): hipri: Broadcast received: android.intent.action.ANY_DATA_STATE apnType=hipri
D/MobileDataStateTracker(  385): hipri: Received state=DISCONNECTED, old=DISCONNECTED, reason=simLoaded
W/WindowManager(  385): App freeze timeout expired.
W/WindowManager(  385): Force clearing freeze: AppWindowToken{b2007060 token=Token{b201d278 ActivityRecord{b1f96768 u0 com.android.launcher/com.android.launcher2.Launcher t1}}}
D/MobileDataStateTracker(  385): ims: Broadcast received: android.intent.action.ANY_DATA_STATE apnType=ims
D/MobileDataStateTracker(  385): ims: Received state=DISCONNECTED, old=DISCONNECTED, reason=simLoaded
D/MobileDataStateTracker(  385): mms: Broadcast received: android.intent.action.ANY_DATA_STATE apnType=mms
D/MobileDataStateTracker(  385): mms: Received state=DISCONNECTED, old=DISCONNECTED, reason=simLoaded
D/MobileDataStateTracker(  385): cbs: Broadcast received: android.intent.action.ANY_DATA_STATE apnType=cbs
D/MobileDataStateTracker(  385): cbs: Received state=DISCONNECTED, old=DISCONNECTED, reason=simLoaded
D/MobileDataStateTracker(  385): default: Broadcast received: android.intent.action.ANY_DATA_STATE apnType=default
D/MobileDataStateTracker(  385): default: Received state=CONNECTED, old=CONNECTING, reason=connected
D/MobileDataStateTracker(  385): default: setDetailed state, old =CONNECTING and new state=CONNECTED
D/ConnectivityService(  385): ConnectivityChange for mobile: CONNECTED/CONNECTED
D/ConnectivityService(  385): ConnectivityChange checkMobileProvisioning for TYPE_MOBILE or ProvisioningNetwork
D/ConnectivityService(  385): checkMobileProvisioning: E suggestedTimeOutMs=60000
D/ConnectivityService(  385): setProvNotificationVisible: E visible=false networkType=5 extraInfo=null url=null
D/ConnectivityService(  385): checkMobileProvisioning: params={ url=http://clients3.google.com/generate_204 mTimeOutMs=60000 mCb=com.android.server.ConnectivityService$5@b2008eb0}
D/ConnectivityService(  385): checkMobileProvisioning: X
W/WindowManager(  385): Window freeze timeout expired.
W/WindowManager(  385): Force clearing orientation change: Window{b2047518 u0 NavigationBar}
W/WindowManager(  385): Force clearing orientation change: Window{b2033b60 u0 StatusBar}
W/WindowManager(  385): Force clearing orientation change: Window{b1f6f6f8 u0 Keyguard}
I/WindowManager(  385): Screen frozen for +6s315ms due to Window{b2047518 u0 NavigationBar}
D/Nat464Xlat(  385): requiresClat: netType=0, hasIPv4Address=true
D/MobileDataStateTracker(  385): default: setPolicyDataEnable(enabled=true)
E/NetdConnector(  385): NDC Command {12 bandwidth setiquota eth0 9223372036854775807} took too long (1387ms)
D/MobileDataStateTracker(  385): default: setPolicyDataEnable(enabled=true)
D/MobileDataStateTracker(  385): default: isProvisioningNetwork: retVal=false
D/ConnectivityService(  385): [CheckMp] isMobileOk: isDefaultProvisioning=false
D/MobileDataStateTracker(  385): hipri: isProvisioningNetwork: retVal=false
D/ConnectivityService(  385): [CheckMp] isMobileOk: isHipriProvisioning=false
D/ConnectivityService(  385): [CheckMp] isMobileOk: start hipri url=http://clients3.google.com/generate_204
D/ConnectivityService(  385): startUsingNetworkFeature reconnecting to 0: enableHIPRI
D/ConnectivityService(  385): startUsingNetworkFeature X: return APN_REQUEST_STARTED
D/ConnectivityService(  385): [CheckMp] isMobileOk: hipri started
D/ConnectivityService(  385): [CheckMp] isMobileOk: not connected ni=NetworkInfo: type: mobile_hipri[UMTS], state: DISCONNECTED/IDLE, reason: (unspecified), extra: (none), roaming: false, failover: false, isAvailable: true, isConnectedToProvisioningNetwork: false
D/MobileDataStateTracker(  385): hipri: Broadcast received: android.intent.action.ANY_DATA_STATE apnType=hipri
D/MobileDataStateTracker(  385): hipri: Received state=CONNECTING, old=DISCONNECTED, reason=dataEnabled
D/MobileDataStateTracker(  385): hipri: setDetailed state, old =IDLE and new state=CONNECTING
D/MobileDataStateTracker(  385): fota: Broadcast received: android.intent.action.ANY_DATA_STATE apnType=fota
D/MobileDataStateTracker(  385): fota: Received state=DISCONNECTED, old=DISCONNECTED, reason=dataEnabled
D/MobileDataStateTracker(  385): ia: Broadcast received: android.intent.action.ANY_DATA_STATE apnType=ia
D/MobileDataStateTracker(  385): ia: Received state=DISCONNECTED, old=DISCONNECTED, reason=dataEnabled
D/MobileDataStateTracker(  385): supl: Broadcast received: android.intent.action.ANY_DATA_STATE apnType=supl
D/MobileDataStateTracker(  385): supl: Received state=DISCONNECTED, old=DISCONNECTED, reason=dataEnabled
D/MobileDataStateTracker(  385): ims: Broadcast received: android.intent.action.ANY_DATA_STATE apnType=ims
D/MobileDataStateTracker(  385): ims: Received state=DISCONNECTED, old=DISCONNECTED, reason=dataEnabled
D/MobileDataStateTracker(  385): mms: Broadcast received: android.intent.action.ANY_DATA_STATE apnType=mms
D/MobileDataStateTracker(  385): mms: Received state=DISCONNECTED, old=DISCONNECTED, reason=dataEnabled
D/MobileDataStateTracker(  385): cbs: Broadcast received: android.intent.action.ANY_DATA_STATE apnType=cbs
D/MobileDataStateTracker(  385): cbs: Received state=DISCONNECTED, old=DISCONNECTED, reason=dataEnabled
D/MobileDataStateTracker(  385): hipri: Broadcast received: android.intent.action.ANY_DATA_STATE apnType=hipri
D/MobileDataStateTracker(  385): hipri: Received state=CONNECTED, old=CONNECTING, reason=dataEnabled
D/MobileDataStateTracker(  385): hipri: setDetailed state, old =CONNECTING and new state=CONNECTED
D/ConnectivityService(  385): ConnectivityChange for mobile_hipri: CONNECTED/CONNECTED
E/ConnectivityService(  385): Exception trying to add a route: java.lang.IllegalStateException: command '18 interface fwmark exempt add 10.0.2.2/32' failed with '400 18 Failed to add exemption rule (File exists)'
E/ConnectivityService(  385): Exception trying to add a route: java.lang.IllegalStateException: command '20 interface fwmark exempt add 10.0.2.3/32' failed with '400 20 Failed to add exemption rule (File exists)'
E/ConnectivityService(  385): Exception trying to add a route: java.lang.IllegalStateException: command '22 interface fwmark exempt add 10.0.2.2/32' failed with '400 22 Failed to add exemption rule (File exists)'
E/ConnectivityService(  385): Exception trying to add a route: java.lang.IllegalStateException: command '24 interface fwmark exempt add 10.0.2.4/32' failed with '400 24 Failed to add exemption rule (File exists)'
E/ConnectivityService(  385): Exception trying to add a route: java.lang.IllegalStateException: command '26 interface fwmark exempt add 10.0.2.2/32' failed with '400 26 Failed to add exemption rule (File exists)'
E/ConnectivityService(  385): Exception trying to add a route: java.lang.IllegalStateException: command '28 interface fwmark exempt add 10.0.2.5/32' failed with '400 28 Failed to add exemption rule (File exists)'
W/FrameworkListener(   52): Handler 'interface' error (No such device)
E/ConnectivityService(  385): Exception trying to add a route: java.lang.IllegalStateException: command '29 interface route add eth0 secondary 10.0.2.2 32 0.0.0.0' failed with '400 29 ip route modification failed (No such device)'
W/FrameworkListener(   52): Handler 'interface' error (No such device)
E/ConnectivityService(  385): Exception trying to add a route: java.lang.IllegalStateException: command '30 interface route add eth0 secondary 0.0.0.0 0 10.0.2.2' failed with '400 30 ip route modification failed (No such device)'
D/Nat464Xlat(  385): requiresClat: netType=5, hasIPv4Address=true
D/MobileDataStateTracker(  385): default: setPolicyDataEnable(enabled=true)
W/NetworkPolicy(  385): shared quota unsupported; generating rule for each iface
E/NetdConnector(  385): NDC Command {32 bandwidth removeiquota eth0} took too long (712ms)
E/NetdConnector(  385): NDC Command {33 bandwidth setiquota eth0 9223372036854775807} took too long (1322ms)
W/ProcessCpuTracker(  385): Skipping unknown process pid 819
E/NetdConnector(  385): NDC Command {34 bandwidth removeiquota eth0} took too long (747ms)
W/WindowManager(  385): Window freeze timeout expired.
W/WindowManager(  385): Force clearing orientation change: Window{b1fea7e0 u0 com.android.systemui.ImageWallpaper}
I/ActivityManager(  385): Start proc com.android.music for broadcast com.android.music/.MediaButtonIntentReceiver: pid=837 uid=10032 gids={50032, 3003, 1028, 1015}
E/NetdConnector(  385): NDC Command {35 bandwidth setiquota eth0 9223372036854775807} took too long (1478ms)
D/MobileDataStateTracker(  385): default: setPolicyDataEnable(enabled=true)
D/MobileDataStateTracker(  385): hipri: isProvisioningNetwork: retVal=false
D/ConnectivityService(  385): [CheckMp] isMobileOk: isProvisioningNetwork is false, continue
W/WindowManager(  385): ***** BOOT TIMEOUT: forcing display enabled
D/ConnectivityService(  385): [CheckMp] isMobileOk: addresses=clients3.google.com/74.125.226.110,clients3.google.com/74.125.226.98,clients3.google.com/74.125.226.105,clients3.google.com/74.125.226.101,clients3.google.com/74.125.226.102,clients3.google.com/74.125.226.96,clients3.google.com/74.125.226.103,clients3.google.com/74.125.226.99,clients3.google.com/74.125.226.97,clients3.google.com/74.125.226.104,clients3.google.com/74.125.226.100
D/ConnectivityService(  385): [CheckMp] isMobileOk: linkHasIpv4=true linkHasIpv6=false
E/NetdConnector(  385): NDC Command {38 interface fwmark exempt add 10.0.2.2/32} took too long (3310ms)
E/ConnectivityService(  385): Exception trying to add a route: java.lang.IllegalStateException: command '38 interface fwmark exempt add 10.0.2.2/32' failed with '400 38 Failed to add exemption rule (File exists)'
E/ConnectivityService(  385): Exception trying to add a route: java.lang.IllegalStateException: command '40 interface fwmark exempt add 74.125.226.99/32' failed with '400 40 Failed to add exemption rule (File exists)'
D/ConnectivityService(  385): requestRouteToHostAddress ok=false
D/ConnectivityService(  385): [CheckMp] isMobileOk: could not establish route to hostAddr=clients3.google.com/74.125.226.99
W/ActivityManager(  385): No content provider found for permission revoke: file:///data/local/tmp/TEST.apk
W/ActivityManager(  385): No content provider found for permission revoke: file:///data/local/tmp/TEST.apk
I/PackageManager(  385): Copying native libraries to /data/app-lib/vmdl-1817709488
E/ConnectivityService(  385): Exception trying to add a route: java.lang.IllegalStateException: command '42 interface fwmark exempt add 10.0.2.2/32' failed with '400 42 Failed to add exemption rule (File exists)'
E/ConnectivityService(  385): Exception trying to add a route: java.lang.IllegalStateException: command '44 interface fwmark exempt add 74.125.226.96/32' failed with '400 44 Failed to add exemption rule (File exists)'
D/ConnectivityService(  385): requestRouteToHostAddress ok=false
D/ConnectivityService(  385): [CheckMp] isMobileOk: could not establish route to hostAddr=clients3.google.com/74.125.226.96
I/ActivityManager(  385): Start proc android.process.media for content provider com.android.providers.media/.MediaProvider: pid=867 uid=10005 gids={50005, 1028, 1015, 1023, 1024, 2001, 3003, 3007}
I/ActivityManager(  385): Start proc com.android.dialer for broadcast com.android.dialer/.calllog.CallLogReceiver: pid=874 uid=10004 gids={50004, 3003, 1028, 1015}
E/ConnectivityService(  385): Exception trying to add a route: java.lang.IllegalStateException: command '46 interface fwmark exempt add 10.0.2.2/32' failed with '400 46 Failed to add exemption rule (File exists)'
E/ConnectivityService(  385): Exception trying to add a route: java.lang.IllegalStateException: command '48 interface fwmark exempt add 74.125.226.110/32' failed with '400 48 Failed to add exemption rule (File exists)'
D/ConnectivityService(  385): requestRouteToHostAddress ok=false
D/ConnectivityService(  385): [CheckMp] isMobileOk: could not establish route to hostAddr=clients3.google.com/74.125.226.110
E/ConnectivityService(  385): Exception trying to add a route: java.lang.IllegalStateException: command '50 interface fwmark exempt add 10.0.2.2/32' failed with '400 50 Failed to add exemption rule (File exists)'
E/ConnectivityService(  385): Exception trying to add a route: java.lang.IllegalStateException: command '52 interface fwmark exempt add 74.125.226.103/32' failed with '400 52 Failed to add exemption rule (File exists)'
D/ConnectivityService(  385): requestRouteToHostAddress ok=false
D/ConnectivityService(  385): [CheckMp] isMobileOk: could not establish route to hostAddr=clients3.google.com/74.125.226.103
D/ConnectivityService(  385): [CheckMp] isMobileOk: too many loops tried - giving up
D/ConnectivityService(  385): [CheckMp] isMobileOk: X loops|timed out result=0
D/ConnectivityService(  385): [CheckMp] isMobileOk: F stop hipri
D/MobileDataStateTracker(  385): default: setEnableFailFastMobileData(enabled=0)
I/ActivityManager(  385): Force stopping com.example.test appid=10052 user=-1: update pkg
D/ConnectivityService(  385): stopUsingNetworkFeature: teardown net 0: enableHIPRI
D/BackupManagerService(  385): Received broadcast Intent { act=android.intent.action.PACKAGE_ADDED dat=package:com.example.test flg=0x4000010 (has extras) }
V/BackupManagerService(  385): addPackageParticipantsLocked: #1
I/PackageManager(  385): Adding preferred activity ComponentInfo{com.android.mms/com.android.mms.ui.ComposeMessageActivity} for user 0 :
I/PackageManager(  385): Adding preferred activity ComponentInfo{com.android.mms/com.android.mms.ui.ComposeMessageActivity} for user 0 :
