I/DEBUG   (   53):     b7ad9a5c 00000000 00000000 00000000 00000000  
I/DEBUG   (   53):     b7ad9a6c 00000000 00000000 00000000 00000000  
I/DEBUG   (   53):     b7ad9a7c 00000000 00000000 00000000 00000000  
I/DEBUG   (   53):     b7ad9a8c 00000000 00000000 00000000 00000000  
I/DEBUG   (   53):     b7ad9a9c 00000000 00000000 00000000 00000000  
I/DEBUG   (   53):     b7ad9aac 00000000 00000000 00000000 00000000  
I/DEBUG   (   53):     b7ad9abc 00000000 00000000 00000000 00000000  
I/DEBUG   (   53): 
I/DEBUG   (   53): memory near ip:
I/DEBUG   (   53):     7fffffe0 ffffffff ffffffff ffffffff ffffffff  
I/DEBUG   (   53):     7ffffff0 ffffffff ffffffff ffffffff ffffffff  
I/DEBUG   (   53):     80000000 ffffffff ffffffff ffffffff ffffffff  
I/DEBUG   (   53):     80000010 ffffffff ffffffff ffffffff ffffffff  
I/DEBUG   (   53):     80000020 ffffffff ffffffff ffffffff ffffffff  
I/DEBUG   (   53):     80000030 ffffffff ffffffff ffffffff ffffffff  
I/DEBUG   (   53):     80000040 ffffffff ffffffff ffffffff ffffffff  
I/DEBUG   (   53):     80000050 ffffffff ffffffff ffffffff ffffffff  
I/DEBUG   (   53):     80000060 ffffffff ffffffff ffffffff ffffffff  
I/DEBUG   (   53):     80000070 ffffffff ffffffff ffffffff ffffffff  
I/DEBUG   (   53):     80000080 ffffffff ffffffff ffffffff ffffffff  
I/DEBUG   (   53):     80000090 ffffffff ffffffff ffffffff ffffffff  
I/DEBUG   (   53):     800000a0 ffffffff ffffffff ffffffff ffffffff  
I/DEBUG   (   53):     800000b0 ffffffff ffffffff ffffffff ffffffff  
I/DEBUG   (   53):     800000c0 ffffffff ffffffff ffffffff ffffffff  
I/DEBUG   (   53):     800000d0 ffffffff ffffffff ffffffff ffffffff  
I/DEBUG   (   53): 
I/DEBUG   (   53): memory near sp:
I/DEBUG   (   53):     ac40dc50 00000000 00000000 b79dbdc8 b79dbe60  
I/DEBUG   (   53):     ac40dc60 b79dbe64 b7b0d220 ac40dcc4 b5ac7e2f  
I/DEBUG   (   53):     ac40dc70 b79dbdc8 b7ad99f7 b5ac7e21 b5ac8b49  
I/DEBUG   (   53):     ac40dc80 00000001 b79dbdc8 00000013 b7ad99c8  
I/DEBUG   (   53):     ac40dc90 b7ad99e4 b7b0d220 00000001 b79dbdc8  
I/DEBUG   (   53):     ac40dca0 00000013 b7ad99c8 b7ad99e4 b5ac643d  
I/DEBUG   (   53):     ac40dcb0 b7b0d220 00000000 b7ad99ef 000034df  
I/DEBUG   (   53):     ac40dcc0 b7ad99ef 00000013 000034df b6f0010d  
I/DEBUG   (   53):     ac40dcd0 00000000 00008000 00000000 00000000  
I/DEBUG   (   53):     ac40dce0 00000000 00000000 00000000 00000000  
I/DEBUG   (   53):     ac40dcf0 00000000 00000000 00000000 00000000  
I/DEBUG   (   53):     ac40dd00 00000000 00000000 00000000 00000000  
I/DEBUG   (   53):     ac40dd10 00000000 00000000 00000000 00000000  
I/DEBUG   (   53):     ac40dd20 00000000 00000000 00000000 00000000  
I/DEBUG   (   53):     ac40dd30 00000000 00000000 00000000 00000000  
I/DEBUG   (   53):     ac40dd40 00000000 00000000 00000000 00000000  
I/DEBUG   (   53): 
I/DEBUG   (   53): code around pc:
I/DEBUG   (   53):     b5aa74c0 20064905 44794a05 f7da447a f04fee6e  
I/DEBUG   (   53):     b5aa74d0 bd0830ff bd082001 0004c342 0004d520  
I/DEBUG   (   53):     b5aa74e0 47706880 6805b538 785c69ab f7ff4620  
I/DEBUG   (   53):     b5aa74f0 b920fd0b e8bd6be8 f7ff4038 4620bda9  
I/DEBUG   (   53):     b5aa7500 0000bd38 4ff7e92d 68834698 44424616  
I/DEBUG   (   53):     b5aa7510 9030f8dd dd0c429a 2005494a 93014a4a  
I/DEBUG   (   53):     b5aa7520 f8cd4479 447a8000 f7da4633 2000ee3e  
I/DEBUG   (   53):     b5aa7530 f100e086 68000b10 784f6981 f7ff4638  
I/DEBUG   (   53):     b5aa7540 2800fce3 4638d05f ff86f7ff 46484607  
I/DEBUG   (   53):     b5aa7550 f108fb07 fb49f01e b106fb07 2f073f01  
I/DEBUG   (   53):     b5aa7560 e8dfd86d 090bf007 6c6c076c 3808046c  
I/DEBUG   (   53):     b5aa7570 e0452300 e0232300 e00c2200 f7da4642  
I/DEBUG   (   53):     b5aa7580 e05cee1a 4c02f811 ec01f811 2c04ea4e  
I/DEBUG   (   53):     b5aa7590 c012f820 31023201 dbf34542 784ce04f  
I/DEBUG   (   53):     b5aa75a0 c000f891 788c0422 6e0cea42 c003f891  
I/DEBUG   (   53):     b5aa75b0 ea4e3104 ea42020c f8402204 33012023  
I/DEBUG   (   53): 
I/DEBUG   (   53): code around lr:
I/DEBUG   (   53):     b5ac7e10 bf0c2800 70fcf44f b0042000 81f0e8bd  
I/DEBUG   (   53):     b5ac7e20 a802b513 f840461c f7e51d04 f7dffb26  
I/DEBUG   (   53):     b5ac7e30 4601fb57 f7fd4620 2000ff00 0000bd1c  
I/DEBUG   (   53):     b5ac7e40 a802b537 f840461d f7e51d04 f7e0fb16  
I/DEBUG   (   53):     b5ac7e50 4604f881 b11c4628 f7fd4621 e00aff1e  
I/DEBUG   (   53):     b5ac7e60 44794907 ff19f7fd 4a074906 44792005  
I/DEBUG   (   53):     b5ac7e70 f7ba447a 4620e99a e984f7ba bd3e2000  
I/DEBUG   (   53):     b5ac7e80 00036dbc 00036476 00036dbb a802b513  
I/DEBUG   (   53):     b5ac7e90 f840461c f7e51d04 f7dffaf0 4601ffdd  
I/DEBUG   (   53):     b5ac7ea0 f7fd4620 2000feca b507bd1c f840a802  
I/DEBUG   (   53):     b5ac7eb0 f7e51d04 2063fae2 b573bd0e 461ea802  
I/DEBUG   (   53):     b5ac7ec0 1d04f840 fad9f7e5 460d4604 ffd4f7df  
I/DEBUG   (   53):     b5ac7ed0 200ab908 4620e010 f7df4629 b150ffdc  
I/DEBUG   (   53):     b5ac7ee0 46204629 f8d2f7e0 dbf21e01 f7fd4630  
I/DEBUG   (   53):     b5ac7ef0 2000fea4 200de000 b51fbd7c 461ca804  
I/DEBUG   (   53):     b5ac7f00 1d0cf840 fab9f7e5 ab03aa02 ff76f7df  
I/DEBUG   (   53): 
I/DEBUG   (   53): memory map around fault addr 80000008:
I/DEBUG   (   53):     (no map below)
I/DEBUG   (   53):     (no map for address)
I/DEBUG   (   53):     a8442000-a85b9000 r-x /dev/ashmem/dalvik-jit-code-cache (deleted)
W/ActivityManager(  385):   Force finishing activity com.example.test/.MainActivity
D/Zygote  (   56): Process 1367 terminated by signal (11)
W/InputDispatcher(  385): channel 'b217dc30 com.example.test/com.example.test.MainActivity (server)' ~ Consumer closed input channel or an error occurred.  events=0xd
E/InputDispatcher(  385): channel 'b217dc30 com.example.test/com.example.test.MainActivity (server)' ~ Channel is unrecoverably broken and will be disposed!
W/InputDispatcher(  385): Attempted to unregister already unregistered input channel 'b217dc30 com.example.test/com.example.test.MainActivity (server)'
I/WindowState(  385): WIN DEATH: Window{b217dc30 u0 com.example.test/com.example.test.MainActivity}
W/ActivityManager(  385): Exception thrown during pause
W/ActivityManager(  385): android.os.DeadObjectException
W/ActivityManager(  385): 	at android.os.BinderProxy.transact(Native Method)
W/ActivityManager(  385): 	at android.app.ApplicationThreadProxy.schedulePauseActivity(ApplicationThreadNative.java:660)
W/ActivityManager(  385): 	at com.android.server.am.ActivityStack.startPausingLocked(ActivityStack.java:761)
W/ActivityManager(  385): 	at com.android.server.am.ActivityStack.finishActivityLocked(ActivityStack.java:2455)
W/ActivityManager(  385): 	at com.android.server.am.ActivityStack.finishTopRunningActivityLocked(ActivityStack.java:2329)
W/ActivityManager(  385): 	at com.android.server.am.ActivityStackSupervisor.finishTopRunningActivityLocked(ActivityStackSupervisor.java:2035)
W/ActivityManager(  385): 	at com.android.server.am.ActivityManagerService.handleAppCrashLocked(ActivityManagerService.java:9543)
W/ActivityManager(  385): 	at com.android.server.am.ActivityManagerService.makeAppCrashingLocked(ActivityManagerService.java:9436)
W/ActivityManager(  385): 	at com.android.server.am.ActivityManagerService.crashApplication(ActivityManagerService.java:10081)
W/ActivityManager(  385): 	at com.android.server.am.ActivityManagerService.handleApplicationCrashInner(ActivityManagerService.java:9632)
W/ActivityManager(  385): 	at com.android.server.am.NativeCrashListener$NativeCrashReporter.run(NativeCrashListener.java:86)
I/ActivityManager(  385): Process com.example.test (pid 1367) has died.
E/SoundPool(  385): error loading /system/media/audio/ui/Effect_Tick.ogg
W/AudioService(  385): Soundpool could not load file: /system/media/audio/ui/Effect_Tick.ogg
E/SoundPool(  385): error loading /system/media/audio/ui/Effect_Tick.ogg
W/AudioService(  385): Soundpool could not load file: /system/media/audio/ui/Effect_Tick.ogg
E/SoundPool(  385): error loading /system/media/audio/ui/Effect_Tick.ogg
W/AudioService(  385): Soundpool could not load file: /system/media/audio/ui/Effect_Tick.ogg
E/SoundPool(  385): error loading /system/media/audio/ui/Effect_Tick.ogg
W/AudioService(  385): Soundpool could not load file: /system/media/audio/ui/Effect_Tick.ogg
E/SoundPool(  385): error loading /system/media/audio/ui/Effect_Tick.ogg
W/AudioService(  385): Soundpool could not load file: /system/media/audio/ui/Effect_Tick.ogg
E/SoundPool(  385): error loading /system/media/audio/ui/KeypressStandard.ogg
W/AudioService(  385): Soundpool could not load file: /system/media/audio/ui/KeypressStandard.ogg
E/SoundPool(  385): error loading /system/media/audio/ui/KeypressSpacebar.ogg
W/AudioService(  385): Soundpool could not load file: /system/media/audio/ui/KeypressSpacebar.ogg
E/SoundPool(  385): error loading /system/media/audio/ui/KeypressDelete.ogg
W/AudioService(  385): Soundpool could not load file: /system/media/audio/ui/KeypressDelete.ogg
E/SoundPool(  385): error loading /system/media/audio/ui/KeypressReturn.ogg
W/AudioService(  385): Soundpool could not load file: /system/media/audio/ui/KeypressReturn.ogg
E/SoundPool(  385): error loading /system/media/audio/ui/KeypressInvalid.ogg
W/AudioService(  385): Soundpool could not load file: /system/media/audio/ui/KeypressInvalid.ogg
W/AudioService(  385): onLoadSoundEffects(), Error -1 while loading samples
W/InputMethodManagerService(  385): Got RemoteException sending setActive(false) notification to pid 1367 uid 10052
W/Binder  (  589): Caught a RuntimeException from the binder stub implementation.
W/Binder  (  589): java.lang.NullPointerException
W/Binder  (  589): 	at android.inputmethodservice.IInputMethodWrapper.setSessionEnabled(IInputMethodWrapper.java:280)
W/Binder  (  589): 	at com.android.internal.view.IInputMethod$Stub.onTransact(IInputMethod.java:129)
W/Binder  (  589): 	at android.os.Binder.execTransact(Binder.java:404)
W/Binder  (  589): 	at dalvik.system.NativeStart.run(Native Method)
E/SoundPool(  385): error loading /system/media/audio/ui/Effect_Tick.ogg
W/AudioService(  385): Soundpool could not load file: /system/media/audio/ui/Effect_Tick.ogg
E/SoundPool(  385): error loading /system/media/audio/ui/Effect_Tick.ogg
W/AudioService(  385): Soundpool could not load file: /system/media/audio/ui/Effect_Tick.ogg
E/SoundPool(  385): error loading /system/media/audio/ui/Effect_Tick.ogg
W/AudioService(  385): Soundpool could not load file: /system/media/audio/ui/Effect_Tick.ogg
E/SoundPool(  385): error loading /system/media/audio/ui/Effect_Tick.ogg
W/AudioService(  385): Soundpool could not load file: /system/media/audio/ui/Effect_Tick.ogg
E/SoundPool(  385): error loading /system/media/audio/ui/Effect_Tick.ogg
W/AudioService(  385): Soundpool could not load file: /system/media/audio/ui/Effect_Tick.ogg
E/SoundPool(  385): error loading /system/media/audio/ui/KeypressStandard.ogg
W/AudioService(  385): Soundpool could not load file: /system/media/audio/ui/KeypressStandard.ogg
E/SoundPool(  385): error loading /system/media/audio/ui/KeypressSpacebar.ogg
W/AudioService(  385): Soundpool could not load file: /system/media/audio/ui/KeypressSpacebar.ogg
E/SoundPool(  385): error loading /system/media/audio/ui/KeypressDelete.ogg
W/AudioService(  385): Soundpool could not load file: /system/media/audio/ui/KeypressDelete.ogg
E/SoundPool(  385): error loading /system/media/audio/ui/KeypressReturn.ogg
W/AudioService(  385): Soundpool could not load file: /system/media/audio/ui/KeypressReturn.ogg
E/SoundPool(  385): error loading /system/media/audio/ui/KeypressInvalid.ogg
W/AudioService(  385): Soundpool could not load file: /system/media/audio/ui/KeypressInvalid.ogg
W/AudioService(  385): onLoadSoundEffects(), Error -1 while loading samples
I/ActivityManager(  385): START u0 {act=android.intent.action.MAIN cat=[android.intent.category.LAUNCHER] flg=0x10200000 cmp=com.example.test/.MainActivity} from pid 618
D/gralloc (   55): Registering a buffer in the process that created it. This may cause memory ordering problems.
E/libEGL  (   55): called unimplemented OpenGL ES API
E/libEGL  (   55): called unimplemented OpenGL ES API
E/libEGL  (   55): called unimplemented OpenGL ES API
E/libEGL  (   55): called unimplemented OpenGL ES API
E/SurfaceFlinger(   55): glCheckFramebufferStatusOES error 1923359790
E/SurfaceFlinger(   55): got GL_FRAMEBUFFER_COMPLETE_OES error while taking screenshot
E/libEGL  (   55): called unimplemented OpenGL ES API
E/libEGL  (   55): called unimplemented OpenGL ES API
W/WindowManager(  385): Screenshot failure taking screenshot for (328x583) to layer 21005
I/Choreographer(  618): Skipped 34 frames!  The application may be doing too much work on its main thread.
D/dalvikvm( 1400): Not late-enabling CheckJNI (already on)
I/ActivityManager(  385): Start proc com.example.test for activity com.example.test/.MainActivity: pid=1400 uid=10052 gids={50052}
I/dalvikvm( 1400): Could not find method android.view.ViewGroup.onNestedScrollAccepted, referenced from method android.support.v7.internal.widget.ActionBarOverlayLayout.onNestedScrollAccepted
W/dalvikvm( 1400): VFY: unable to resolve virtual method 12206: Landroid/view/ViewGroup;.onNestedScrollAccepted (Landroid/view/View;Landroid/view/View;I)V
D/dalvikvm( 1400): VFY: replacing opcode 0x6f at 0x0000
I/dalvikvm( 1400): Could not find method android.view.ViewGroup.onStopNestedScroll, referenced from method android.support.v7.internal.widget.ActionBarOverlayLayout.onStopNestedScroll
W/dalvikvm( 1400): VFY: unable to resolve virtual method 12212: Landroid/view/ViewGroup;.onStopNestedScroll (Landroid/view/View;)V
D/dalvikvm( 1400): VFY: replacing opcode 0x6f at 0x0000
I/dalvikvm( 1400): Could not find method android.support.v7.internal.widget.ActionBarOverlayLayout.stopNestedScroll, referenced from method android.support.v7.internal.widget.ActionBarOverlayLayout.setHideOnContentScrollEnabled
W/dalvikvm( 1400): VFY: unable to resolve virtual method 9777: Landroid/support/v7/internal/widget/ActionBarOverlayLayout;.stopNestedScroll ()V
D/dalvikvm( 1400): VFY: replacing opcode 0x6e at 0x000e
I/dalvikvm( 1400): Could not find method android.content.res.TypedArray.getChangingConfigurations, referenced from method android.support.v7.internal.widget.TintTypedArray.getChangingConfigurations
W/dalvikvm( 1400): VFY: unable to resolve virtual method 392: Landroid/content/res/TypedArray;.getChangingConfigurations ()I
D/dalvikvm( 1400): VFY: replacing opcode 0x6e at 0x0002
I/dalvikvm( 1400): Could not find method android.content.res.TypedArray.getType, referenced from method android.support.v7.internal.widget.TintTypedArray.getType
W/dalvikvm( 1400): VFY: unable to resolve virtual method 414: Landroid/content/res/TypedArray;.getType (I)I
D/dalvikvm( 1400): VFY: replacing opcode 0x6e at 0x0002
I/dalvikvm( 1400): Could not find method android.content.res.Resources.getDrawable, referenced from method android.support.v7.internal.widget.ResourcesWrapper.getDrawable
W/dalvikvm( 1400): VFY: unable to resolve virtual method 355: Landroid/content/res/Resources;.getDrawable (ILandroid/content/res/Resources$Theme;)Landroid/graphics/drawable/Drawable;
D/dalvikvm( 1400): VFY: replacing opcode 0x6e at 0x0002
I/dalvikvm( 1400): Could not find method android.content.res.Resources.getDrawableForDensity, referenced from method android.support.v7.internal.widget.ResourcesWrapper.getDrawableForDensity
W/dalvikvm( 1400): VFY: unable to resolve virtual method 357: Landroid/content/res/Resources;.getDrawableForDensity (IILandroid/content/res/Resources$Theme;)Landroid/graphics/drawable/Drawable;
D/dalvikvm( 1400): VFY: replacing opcode 0x6e at 0x0002
D/gralloc_goldfish( 1400): Emulator without GPU emulation detected.
I/Choreographer(  618): Skipped 39 frames!  The application may be doing too much work on its main thread.
I/ActivityManager(  385): Displayed com.example.test/.MainActivity: +1s699ms
I/System.out( 1400): COUCOU
E/SoundPool(  385): error loading /system/media/audio/ui/Effect_Tick.ogg
W/AudioService(  385): Soundpool could not load file: /system/media/audio/ui/Effect_Tick.ogg
E/SoundPool(  385): error loading /system/media/audio/ui/Effect_Tick.ogg
W/AudioService(  385): Soundpool could not load file: /system/media/audio/ui/Effect_Tick.ogg
E/SoundPool(  385): error loading /system/media/audio/ui/Effect_Tick.ogg
W/AudioService(  385): Soundpool could not load file: /system/media/audio/ui/Effect_Tick.ogg
E/SoundPool(  385): error loading /system/media/audio/ui/Effect_Tick.ogg
W/AudioService(  385): Soundpool could not load file: /system/media/audio/ui/Effect_Tick.ogg
E/SoundPool(  385): error loading /system/media/audio/ui/Effect_Tick.ogg
W/AudioService(  385): Soundpool could not load file: /system/media/audio/ui/Effect_Tick.ogg
E/SoundPool(  385): error loading /system/media/audio/ui/KeypressStandard.ogg
W/AudioService(  385): Soundpool could not load file: /system/media/audio/ui/KeypressStandard.ogg
E/SoundPool(  385): error loading /system/media/audio/ui/KeypressSpacebar.ogg
W/AudioService(  385): Soundpool could not load file: /system/media/audio/ui/KeypressSpacebar.ogg
E/SoundPool(  385): error loading /system/media/audio/ui/KeypressDelete.ogg
W/AudioService(  385): Soundpool could not load file: /system/media/audio/ui/KeypressDelete.ogg
E/SoundPool(  385): error loading /system/media/audio/ui/KeypressReturn.ogg
W/AudioService(  385): Soundpool could not load file: /system/media/audio/ui/KeypressReturn.ogg
E/SoundPool(  385): error loading /system/media/audio/ui/KeypressInvalid.ogg
W/AudioService(  385): Soundpool could not load file: /system/media/audio/ui/KeypressInvalid.ogg
W/AudioService(  385): onLoadSoundEffects(), Error -1 while loading samples
I/System.out( 1400): COUCOU
E/SoundPool(  385): error loading /system/media/audio/ui/Effect_Tick.ogg
W/AudioService(  385): Soundpool could not load file: /system/media/audio/ui/Effect_Tick.ogg
E/SoundPool(  385): error loading /system/media/audio/ui/Effect_Tick.ogg
W/AudioService(  385): Soundpool could not load file: /system/media/audio/ui/Effect_Tick.ogg
E/SoundPool(  385): error loading /system/media/audio/ui/Effect_Tick.ogg
W/AudioService(  385): Soundpool could not load file: /system/media/audio/ui/Effect_Tick.ogg
E/SoundPool(  385): error loading /system/media/audio/ui/Effect_Tick.ogg
W/AudioService(  385): Soundpool could not load file: /system/media/audio/ui/Effect_Tick.ogg
E/SoundPool(  385): error loading /system/media/audio/ui/Effect_Tick.ogg
W/AudioService(  385): Soundpool could not load file: /system/media/audio/ui/Effect_Tick.ogg
E/SoundPool(  385): error loading /system/media/audio/ui/KeypressStandard.ogg
W/AudioService(  385): Soundpool could not load file: /system/media/audio/ui/KeypressStandard.ogg
E/SoundPool(  385): error loading /system/media/audio/ui/KeypressSpacebar.ogg
W/AudioService(  385): Soundpool could not load file: /system/media/audio/ui/KeypressSpacebar.ogg
E/SoundPool(  385): error loading /system/media/audio/ui/KeypressDelete.ogg
W/AudioService(  385): Soundpool could not load file: /system/media/audio/ui/KeypressDelete.ogg
E/SoundPool(  385): error loading /system/media/audio/ui/KeypressReturn.ogg
W/AudioService(  385): Soundpool could not load file: /system/media/audio/ui/KeypressReturn.ogg
E/SoundPool(  385): error loading /system/media/audio/ui/KeypressInvalid.ogg
W/AudioService(  385): Soundpool could not load file: /system/media/audio/ui/KeypressInvalid.ogg
W/AudioService(  385): onLoadSoundEffects(), Error -1 while loading samples
I/dalvikvm( 1400): Debugger is active
D/MobileDataStateTracker(  385): default: setPolicyDataEnable(enabled=true)
D/MobileDataStateTracker(  385): default: setPolicyDataEnable(enabled=true)
F/libc    ( 1400): Fatal signal 11 (SIGSEGV) at 0x80000008 (code=1), thread 1406 (JDWP)
I/DEBUG   (   53): *** *** *** *** *** *** *** *** *** *** *** *** *** *** *** ***
I/DEBUG   (   53): Build fingerprint: 'generic/sdk/generic:4.4.2/KK/938007:eng/test-keys'
I/DEBUG   (   53): Revision: '0'
I/DEBUG   (   53): pid: 1400, tid: 1406, name: JDWP  >>> com.example.test <<<
I/DEBUG   (   53): signal 11 (SIGSEGV), code 1 (SEGV_MAPERR), fault addr 80000008
I/DEBUG   (   53):     r0 80000000  r1 000000c1  r2 00000000  r3 000000c1
I/DEBUG   (   53):     r4 b7a141b0  r5 ac40dcc4  r6 b7a141b0  r7 b79dbdc8
I/DEBUG   (   53):     r8 00000008  r9 b7ad99ef  sl 00000000  fp 0000000d
I/DEBUG   (   53):     ip 80000000  sp ac40dc70  lr b5ac7e33  pc b5aa74e0  cpsr 40000030
I/DEBUG   (   53):     d0  4a3a80004d8c4961  d1  0000006042c090a6
I/DEBUG   (   53):     d2  56c000003ec00000  d3  0000004042810000
I/DEBUG   (   53):     d4  428000003f000000  d5  4280000042810000
I/DEBUG   (   53):     d6  0000000000000000  d7  42c800004a339120
I/DEBUG   (   53):     d8  0000000000000000  d9  0000000000000000
I/DEBUG   (   53):     d10 0000000000000000  d11 0000000000000000
I/DEBUG   (   53):     d12 0000000000000000  d13 0000000000000000
I/DEBUG   (   53):     d14 0000000000000000  d15 0000000000000000
I/DEBUG   (   53):     scr 80000010
I/DEBUG   (   53): 
I/DEBUG   (   53): backtrace:
I/DEBUG   (   53):     #00  pc 000424e0  /system/lib/libdvm.so (dvmDbgGetTagWidth(int)+135)
I/DEBUG   (   53):     #01  pc 00062e2f  /system/lib/libdvm.so
I/DEBUG   (   53):     #02  pc 00063b47  /system/lib/libdvm.so (dvmJdwpProcessRequest(JdwpState*, JdwpReqHeader const*, unsigned char const*, int, ExpandBuf*)+110)
I/DEBUG   (   53):     #03  pc 00061439  /system/lib/libdvm.so
I/DEBUG   (   53):     #04  pc 00063d65  /system/lib/libdvm.so
I/DEBUG   (   53):     #05  pc 0005470d  /system/lib/libdvm.so
I/DEBUG   (   53):     #06  pc 0000d060  /system/lib/libc.so (__thread_entry+72)
I/DEBUG   (   53):     #07  pc 0000d1f8  /system/lib/libc.so (pthread_create+240)
I/DEBUG   (   53): 
I/DEBUG   (   53): stack:
I/DEBUG   (   53):          ac40dc30  ac40dc54  [stack:1406]
I/DEBUG   (   53):          ac40dc34  b5ac83fb  /system/lib/libdvm.so
I/DEBUG   (   53):          ac40dc38  0000000c  
I/DEBUG   (   53):          ac40dc3c  0000004c  
I/DEBUG   (   53):          ac40dc40  b7b21e3e  [heap]
I/DEBUG   (   53):          ac40dc44  00000008  
I/DEBUG   (   53):          ac40dc48  0000004c  
I/DEBUG   (   53):          ac40dc4c  00000008  
I/DEBUG   (   53):          ac40dc50  00000000  
I/DEBUG   (   53):          ac40dc54  00000000  
I/DEBUG   (   53):          ac40dc58  b79dbdc8  [heap]
I/DEBUG   (   53):          ac40dc5c  b79dbe60  [heap]
I/DEBUG   (   53):          ac40dc60  b79dbe64  [heap]
I/DEBUG   (   53):          ac40dc64  b7a141b0  [heap]
I/DEBUG   (   53):          ac40dc68  ac40dcc4  [stack:1406]
I/DEBUG   (   53):          ac40dc6c  b5ac7e2f  /system/lib/libdvm.so
I/DEBUG   (   53):     #00  ac40dc70  b79dbdc8  [heap]
I/DEBUG   (   53):          ........  ........
I/DEBUG   (   53):     #01  ac40dc70  b79dbdc8  [heap]
I/DEBUG   (   53):          ac40dc74  b7ad99f7  [heap]
I/DEBUG   (   53):          ac40dc78  b5ac7e21  /system/lib/libdvm.so
I/DEBUG   (   53):          ac40dc7c  b5ac8b49  /system/lib/libdvm.so (dvmJdwpProcessRequest(JdwpState*, JdwpReqHeader const*, unsigned char const*, int, ExpandBuf*)+112)
I/DEBUG   (   53):     #02  ac40dc80  00000001  
I/DEBUG   (   53):          ac40dc84  b79dbdc8  [heap]
I/DEBUG   (   53):          ac40dc88  00000013  
I/DEBUG   (   53):          ac40dc8c  b7ad99c8  [heap]
I/DEBUG   (   53):          ac40dc90  b7ad99e4  [heap]
I/DEBUG   (   53):          ac40dc94  b7a141b0  [heap]
I/DEBUG   (   53):          ac40dc98  00000001  
I/DEBUG   (   53):          ac40dc9c  b79dbdc8  [heap]
I/DEBUG   (   53):          ac40dca0  00000013  
I/DEBUG   (   53):          ac40dca4  b7ad99c8  [heap]
I/DEBUG   (   53):          ac40dca8  b7ad99e4  [heap]
I/DEBUG   (   53):          ac40dcac  b5ac643d  /system/lib/libdvm.so
I/DEBUG   (   53): 
I/DEBUG   (   53): memory near r0:
I/DEBUG   (   53):     7fffffe0 ffffffff ffffffff ffffffff ffffffff  
I/DEBUG   (   53):     7ffffff0 ffffffff ffffffff ffffffff ffffffff  
I/DEBUG   (   53):     80000000 ffffffff ffffffff ffffffff ffffffff  
I/DEBUG   (   53):     80000010 ffffffff ffffffff ffffffff ffffffff  
I/DEBUG   (   53):     80000020 ffffffff ffffffff ffffffff ffffffff  
I/DEBUG   (   53):     80000030 ffffffff ffffffff ffffffff ffffffff  
I/DEBUG   (   53):     80000040 ffffffff ffffffff ffffffff ffffffff  
I/DEBUG   (   53):     80000050 ffffffff ffffffff ffffffff ffffffff  
I/DEBUG   (   53):     80000060 ffffffff ffffffff ffffffff ffffffff  
I/DEBUG   (   53):     80000070 ffffffff ffffffff ffffffff ffffffff  
I/DEBUG   (   53):     80000080 ffffffff ffffffff ffffffff ffffffff  
I/DEBUG   (   53):     80000090 ffffffff ffffffff ffffffff ffffffff  
I/DEBUG   (   53):     800000a0 ffffffff ffffffff ffffffff ffffffff  
I/DEBUG   (   53):     800000b0 ffffffff ffffffff ffffffff ffffffff  
I/DEBUG   (   53):     800000c0 ffffffff ffffffff ffffffff ffffffff  
I/DEBUG   (   53):     800000d0 ffffffff ffffffff ffffffff ffffffff  
I/DEBUG   (   53): 
I/DEBUG   (   53): memory near r4:
I/DEBUG   (   53):     b7a14190 00330030 00350038 00310035 00380036  
I/DEBUG   (   53):     b7a141a0 00320032 00000032 00000000 00000013  
I/DEBUG   (   53):     b7a141b0 b7b21be8 0000000b 00000040 0000001b  
I/DEBUG   (   53):     b7a141c0 00000001 00000003 b7ae834c 00000000  
I/DEBUG   (   53):     b7a141d0 006e0061 0000001b b7a141f0 00000001  
I/DEBUG   (   53):     b7a141e0 00730025 00000000 00000007 00000023  
I/DEBUG   (   53):     b7a141f0 00000000 00000000 00000035 00000000  
I/DEBUG   (   53):     b7a14200 0000000a b7ae6240 00000020 0000001b  
I/DEBUG   (   53):     b7a14210 00090184 0308000a 23231309 0013100a  
I/DEBUG   (   53):     b7a14220 00000018 00000013 00050184 01020006  
I/DEBUG   (   53):     b7a14230 400a0903 0000013b b7a25e98 00000000  
I/DEBUG   (   53):     b7a14240 00000000 000c000c 00006000 00006000  
I/DEBUG   (   53):     b7a14250 000002c0 ffffff40 00000380 00000380  
I/DEBUG   (   53):     b7a14260 00000000 000c000c 00006000 00006000  
I/DEBUG   (   53):     b7a14270 000002c0 ffffff40 00000380 00000380  
I/DEBUG   (   53):     b7a14280 00010000 00010000 0000000c 00000000  
I/DEBUG   (   53): 
I/DEBUG   (   53): memory near r5:
I/DEBUG   (   53):     ac40dca4 b7ad99c8 b7ad99e4 b5ac643d b7a141b0  
I/DEBUG   (   53):     ac40dcb4 00000000 b7ad99ef 00003355 b7ad99ef  
I/DEBUG   (   53):     ac40dcc4 00000013 00003355 b6f0010d 00000000  
I/DEBUG   (   53):     ac40dcd4 00001000 00000000 00000000 00000000  
I/DEBUG   (   53):     ac40dce4 00000000 00000000 00000000 00000000  
I/DEBUG   (   53):     ac40dcf4 00000000 00000000 00000000 00000000  
I/DEBUG   (   53):     ac40dd04 00000000 00000000 00000000 00000000  
I/DEBUG   (   53):     ac40dd14 00000000 00000000 00000000 00000000  
I/DEBUG   (   53):     ac40dd24 00000000 00000000 00000000 00000000  
I/DEBUG   (   53):     ac40dd34 00000000 00000000 00000000 00000000  
I/DEBUG   (   53):     ac40dd44 00000000 00000000 00000000 b1d46fa0  
I/DEBUG   (   53):     ac40dd54 b79dbdc8 00000000 b79dbe34 00000008  
I/DEBUG   (   53):     ac40dd64 b5afe2e8 b5aff437 b79dbe1c b6f2b2c4  
I/DEBUG   (   53):     ac40dd74 b5ac8d67 00000000 b79dbe80 b5b141f0  
I/DEBUG   (   53):     ac40dd84 beb9a698 b79dbe80 b5ab96c1 ac310000  
I/DEBUG   (   53):     ac40dd94 b5ab970f b79dbe80 00010002 b79dbea0  
I/DEBUG   (   53): 
I/DEBUG   (   53): memory near r6:
I/DEBUG   (   53):     b7a14190 00330030 00350038 00310035 00380036  
I/DEBUG   (   53):     b7a141a0 00320032 00000032 00000000 00000013  
I/DEBUG   (   53):     b7a141b0 b7b21be8 0000000b 00000040 0000001b  
I/DEBUG   (   53):     b7a141c0 00000001 00000003 b7ae834c 00000000  
I/DEBUG   (   53):     b7a141d0 006e0061 0000001b b7a141f0 00000001  
I/DEBUG   (   53):     b7a141e0 00730025 00000000 00000007 00000023  
I/DEBUG   (   53):     b7a141f0 00000000 00000000 00000035 00000000  
I/DEBUG   (   53):     b7a14200 0000000a b7ae6240 00000020 0000001b  
I/DEBUG   (   53):     b7a14210 00090184 0308000a 23231309 0013100a  
I/DEBUG   (   53):     b7a14220 00000018 00000013 00050184 01020006  
I/DEBUG   (   53):     b7a14230 400a0903 0000013b b7a25e98 00000000  
I/DEBUG   (   53):     b7a14240 00000000 000c000c 00006000 00006000  
I/DEBUG   (   53):     b7a14250 000002c0 ffffff40 00000380 00000380  
I/DEBUG   (   53):     b7a14260 00000000 000c000c 00006000 00006000  
I/DEBUG   (   53):     b7a14270 000002c0 ffffff40 00000380 00000380  
I/DEBUG   (   53):     b7a14280 00010000 00010000 0000000c 00000000  
I/DEBUG   (   53): 
I/DEBUG   (   53): memory near r7:
I/DEBUG   (   53):     b79dbda8 b5b0d044 b5b0d4b8 00000003 b79c1c10  
I/DEBUG   (   53):     b79dbdb8 00000000 b79c25f0 b79dbd68 000000bb  
I/DEBUG   (   53):     b79dbdc8 00000002 b6000001 00000000 00000000  
I/DEBUG   (   53):     b79dbdd8 b79dbcf0 b66dfec8 b6eedafd 00000000  
I/DEBUG   (   53):     b79dbde8 b66dc573 b7ad9940 b79e87f0 b7ad9948  
I/DEBUG   (   53):     b79dbdf8 b7ad9948 b5b0fc74 b6ef111f b6f29000  
I/DEBUG   (   53):     b79dbe08 4b788dc1 0000a7d0 00000000 fffffffe  
I/DEBUG   (   53):     b79dbe18 00000001 b79c2320 b1d46fa0 000000c1  
I/DEBUG   (   53):     b79dbe28 00000001 b5b0d85c b7ad99c8 00000000  
I/DEBUG   (   53):     b79dbe38 fffffffe 00000000 00000000 00000000  
I/DEBUG   (   53):     b79dbe48 100000b9 20000001 00000000 00000001  
I/DEBUG   (   53):     b79dbe58 b7b21c30 00000000 00000000 fffffe92  
I/DEBUG   (   53):     b79dbe68 00000000 00000000 00000000 00000000  
I/DEBUG   (   53):     b79dbe78 d1d1d1d1 00000023 b5ac8cc1 b79dbdc8  
I/DEBUG   (   53):     b79dbe88 b79dbea0 b1a73880 d1d1d101 beb9a698  
I/DEBUG   (   53):     b79dbe98 beb9a69c 00000013 5057444a d1d1d100  
I/DEBUG   (   53): 
I/DEBUG   (   53): memory near r9:
I/DEBUG   (   53):     b7ad99cc 00000000 00000021 00000000 00000024  
I/DEBUG   (   53):     b7ad99dc 00000025 00000013 13000000 55330000  
I/DEBUG   (   53):     b7ad99ec 00010d00 80c10000 00000000 b0000000  
I/DEBUG   (   53):     b7ad99fc 00c0c928 00080000 5b020000 01000000  
I/DEBUG   (   53):     b7ad9a0c 00000046 00004603 004c0000 46090000  
I/DEBUG   (   53):     b7ad9a1c 0a000000 00000046 00004c0b 004c0c00  
I/DEBUG   (   53):     b7ad9a2c 00000000 00000000 00000000 00000000  
I/DEBUG   (   53):     b7ad9a3c 00000000 00000000 00000000 00000000  
I/DEBUG   (   53):     b7ad9a4c 00000000 00000000 00000000 00000000  
I/DEBUG   (   53):     b7ad9a5c 00000000 00000000 00000000 00000000  
I/DEBUG   (   53):     b7ad9a6c 00000000 00000000 00000000 00000000  
I/DEBUG   (   53):     b7ad9a7c 00000000 00000000 00000000 00000000  
I/DEBUG   (   53):     b7ad9a8c 00000000 00000000 00000000 00000000  
I/DEBUG   (   53):     b7ad9a9c 00000000 00000000 00000000 00000000  
I/DEBUG   (   53):     b7ad9aac 00000000 00000000 00000000 00000000  
I/DEBUG   (   53):     b7ad9abc 00000000 00000000 00000000 00000000  
I/DEBUG   (   53): 
I/DEBUG   (   53): memory near ip:
I/DEBUG   (   53):     7fffffe0 ffffffff ffffffff ffffffff ffffffff  
I/DEBUG   (   53):     7ffffff0 ffffffff ffffffff ffffffff ffffffff  
I/DEBUG   (   53):     80000000 ffffffff ffffffff ffffffff ffffffff  
I/DEBUG   (   53):     80000010 ffffffff ffffffff ffffffff ffffffff  
I/DEBUG   (   53):     80000020 ffffffff ffffffff ffffffff ffffffff  
I/DEBUG   (   53):     80000030 ffffffff ffffffff ffffffff ffffffff  
I/DEBUG   (   53):     80000040 ffffffff ffffffff ffffffff ffffffff  
I/DEBUG   (   53):     80000050 ffffffff ffffffff ffffffff ffffffff  
I/DEBUG   (   53):     80000060 ffffffff ffffffff ffffffff ffffffff  
I/DEBUG   (   53):     80000070 ffffffff ffffffff ffffffff ffffffff  
I/DEBUG   (   53):     80000080 ffffffff ffffffff ffffffff ffffffff  
I/DEBUG   (   53):     80000090 ffffffff ffffffff ffffffff ffffffff  
I/DEBUG   (   53):     800000a0 ffffffff ffffffff ffffffff ffffffff  
I/DEBUG   (   53):     800000b0 ffffffff ffffffff ffffffff ffffffff  
I/DEBUG   (   53):     800000c0 ffffffff ffffffff ffffffff ffffffff  
I/DEBUG   (   53):     800000d0 ffffffff ffffffff ffffffff ffffffff  
I/DEBUG   (   53): 
I/DEBUG   (   53): memory near sp:
I/DEBUG   (   53):     ac40dc50 00000000 00000000 b79dbdc8 b79dbe60  
I/DEBUG   (   53):     ac40dc60 b79dbe64 b7a141b0 ac40dcc4 b5ac7e2f  
I/DEBUG   (   53):     ac40dc70 b79dbdc8 b7ad99f7 b5ac7e21 b5ac8b49  
I/DEBUG   (   53):     ac40dc80 00000001 b79dbdc8 00000013 b7ad99c8  
I/DEBUG   (   53):     ac40dc90 b7ad99e4 b7a141b0 00000001 b79dbdc8  
I/DEBUG   (   53):     ac40dca0 00000013 b7ad99c8 b7ad99e4 b5ac643d  
I/DEBUG   (   53):     ac40dcb0 b7a141b0 00000000 b7ad99ef 00003355  
I/DEBUG   (   53):     ac40dcc0 b7ad99ef 00000013 00003355 b6f0010d  
I/DEBUG   (   53):     ac40dcd0 00000000 00001000 00000000 00000000  
I/DEBUG   (   53):     ac40dce0 00000000 00000000 00000000 00000000  
I/DEBUG   (   53):     ac40dcf0 00000000 00000000 00000000 00000000  
I/DEBUG   (   53):     ac40dd00 00000000 00000000 00000000 00000000  
I/DEBUG   (   53):     ac40dd10 00000000 00000000 00000000 00000000  
I/DEBUG   (   53):     ac40dd20 00000000 00000000 00000000 00000000  
I/DEBUG   (   53):     ac40dd30 00000000 00000000 00000000 00000000  
I/DEBUG   (   53):     ac40dd40 00000000 00000000 00000000 00000000  
I/DEBUG   (   53): 
I/DEBUG   (   53): code around pc:
I/DEBUG   (   53):     b5aa74c0 20064905 44794a05 f7da447a f04fee6e  
I/DEBUG   (   53):     b5aa74d0 bd0830ff bd082001 0004c342 0004d520  
I/DEBUG   (   53):     b5aa74e0 47706880 6805b538 785c69ab f7ff4620  
I/DEBUG   (   53):     b5aa74f0 b920fd0b e8bd6be8 f7ff4038 4620bda9  
I/DEBUG   (   53):     b5aa7500 0000bd38 4ff7e92d 68834698 44424616  
I/DEBUG   (   53):     b5aa7510 9030f8dd dd0c429a 2005494a 93014a4a  
I/DEBUG   (   53):     b5aa7520 f8cd4479 447a8000 f7da4633 2000ee3e  
I/DEBUG   (   53):     b5aa7530 f100e086 68000b10 784f6981 f7ff4638  
I/DEBUG   (   53):     b5aa7540 2800fce3 4638d05f ff86f7ff 46484607  
I/DEBUG   (   53):     b5aa7550 f108fb07 fb49f01e b106fb07 2f073f01  
I/DEBUG   (   53):     b5aa7560 e8dfd86d 090bf007 6c6c076c 3808046c  
I/DEBUG   (   53):     b5aa7570 e0452300 e0232300 e00c2200 f7da4642  
I/DEBUG   (   53):     b5aa7580 e05cee1a 4c02f811 ec01f811 2c04ea4e  
I/DEBUG   (   53):     b5aa7590 c012f820 31023201 dbf34542 784ce04f  
I/DEBUG   (   53):     b5aa75a0 c000f891 788c0422 6e0cea42 c003f891  
I/DEBUG   (   53):     b5aa75b0 ea4e3104 ea42020c f8402204 33012023  
I/DEBUG   (   53): 
I/DEBUG   (   53): code around lr:
I/DEBUG   (   53):     b5ac7e10 bf0c2800 70fcf44f b0042000 81f0e8bd  
I/DEBUG   (   53):     b5ac7e20 a802b513 f840461c f7e51d04 f7dffb26  
I/DEBUG   (   53):     b5ac7e30 4601fb57 f7fd4620 2000ff00 0000bd1c  
I/DEBUG   (   53):     b5ac7e40 a802b537 f840461d f7e51d04 f7e0fb16  
I/DEBUG   (   53):     b5ac7e50 4604f881 b11c4628 f7fd4621 e00aff1e  
I/DEBUG   (   53):     b5ac7e60 44794907 ff19f7fd 4a074906 44792005  
I/DEBUG   (   53):     b5ac7e70 f7ba447a 4620e99a e984f7ba bd3e2000  
I/DEBUG   (   53):     b5ac7e80 00036dbc 00036476 00036dbb a802b513  
I/DEBUG   (   53):     b5ac7e90 f840461c f7e51d04 f7dffaf0 4601ffdd  
I/DEBUG   (   53):     b5ac7ea0 f7fd4620 2000feca b507bd1c f840a802  
I/DEBUG   (   53):     b5ac7eb0 f7e51d04 2063fae2 b573bd0e 461ea802  
I/DEBUG   (   53):     b5ac7ec0 1d04f840 fad9f7e5 460d4604 ffd4f7df  
I/DEBUG   (   53):     b5ac7ed0 200ab908 4620e010 f7df4629 b150ffdc  
I/DEBUG   (   53):     b5ac7ee0 46204629 f8d2f7e0 dbf21e01 f7fd4630  
I/DEBUG   (   53):     b5ac7ef0 2000fea4 200de000 b51fbd7c 461ca804  
I/DEBUG   (   53):     b5ac7f00 1d0cf840 fab9f7e5 ab03aa02 ff76f7df  
I/DEBUG   (   53): 
I/DEBUG   (   53): memory map around fault addr 80000008:
I/DEBUG   (   53):     (no map below)
I/DEBUG   (   53):     (no map for address)
I/DEBUG   (   53):     a7fc1000-a8302000 rw- /dev/ashmem/gralloc-buffer (deleted)
D/Zygote  (   56): Process 1400 terminated by signal (11)
I/ActivityManager(  385): Process com.example.test (pid 1400) has died.
W/ActivityManager(  385): Force removing ActivityRecord{b1d75510 u0 com.example.test/.MainActivity t5}: app died, no saved state
W/InputDispatcher(  385): channel 'b1fe9858 com.example.test/com.example.test.MainActivity (server)' ~ Consumer closed input channel or an error occurred.  events=0xd
E/InputDispatcher(  385): channel 'b1fe9858 com.example.test/com.example.test.MainActivity (server)' ~ Channel is unrecoverably broken and will be disposed!
W/InputDispatcher(  385): Attempted to unregister already unregistered input channel 'b1fe9858 com.example.test/com.example.test.MainActivity (server)'
I/WindowState(  385): WIN DEATH: Window{b1fe9858 u0 com.example.test/com.example.test.MainActivity}
E/SoundPool(  385): error loading /system/media/audio/ui/Effect_Tick.ogg
W/AudioService(  385): Soundpool could not load file: /system/media/audio/ui/Effect_Tick.ogg
E/SoundPool(  385): error loading /system/media/audio/ui/Effect_Tick.ogg
W/AudioService(  385): Soundpool could not load file: /system/media/audio/ui/Effect_Tick.ogg
E/SoundPool(  385): error loading /system/media/audio/ui/Effect_Tick.ogg
W/AudioService(  385): Soundpool could not load file: /system/media/audio/ui/Effect_Tick.ogg
E/SoundPool(  385): error loading /system/media/audio/ui/Effect_Tick.ogg
W/AudioService(  385): Soundpool could not load file: /system/media/audio/ui/Effect_Tick.ogg
E/SoundPool(  385): error loading /system/media/audio/ui/Effect_Tick.ogg
W/AudioService(  385): Soundpool could not load file: /system/media/audio/ui/Effect_Tick.ogg
E/SoundPool(  385): error loading /system/media/audio/ui/KeypressStandard.ogg
W/AudioService(  385): Soundpool could not load file: /system/media/audio/ui/KeypressStandard.ogg
E/SoundPool(  385): error loading /system/media/audio/ui/KeypressSpacebar.ogg
W/AudioService(  385): Soundpool could not load file: /system/media/audio/ui/KeypressSpacebar.ogg
E/SoundPool(  385): error loading /system/media/audio/ui/KeypressDelete.ogg
W/AudioService(  385): Soundpool could not load file: /system/media/audio/ui/KeypressDelete.ogg
E/SoundPool(  385): error loading /system/media/audio/ui/KeypressReturn.ogg
W/AudioService(  385): Soundpool could not load file: /system/media/audio/ui/KeypressReturn.ogg
E/SoundPool(  385): error loading /system/media/audio/ui/KeypressInvalid.ogg
W/AudioService(  385): Soundpool could not load file: /system/media/audio/ui/KeypressInvalid.ogg
W/AudioService(  385): onLoadSoundEffects(), Error -1 while loading samples
W/InputMethodManagerService(  385): Got RemoteException sending setActive(false) notification to pid 1400 uid 10052
W/Binder  (  589): Caught a RuntimeException from the binder stub implementation.
W/Binder  (  589): java.lang.NullPointerException
W/Binder  (  589): 	at android.inputmethodservice.IInputMethodWrapper.setSessionEnabled(IInputMethodWrapper.java:280)
W/Binder  (  589): 	at com.android.internal.view.IInputMethod$Stub.onTransact(IInputMethod.java:129)
W/Binder  (  589): 	at android.os.Binder.execTransact(Binder.java:404)
W/Binder  (  589): 	at dalvik.system.NativeStart.run(Native Method)
I/ActivityManager(  385): START u0 {act=android.intent.action.MAIN cat=[android.intent.category.LAUNCHER] flg=0x10200000 cmp=com.example.test/.MainActivity} from pid 618
E/SoundPool(  385): error loading /system/media/audio/ui/Effect_Tick.ogg
W/AudioService(  385): Soundpool could not load file: /system/media/audio/ui/Effect_Tick.ogg
E/SoundPool(  385): error loading /system/media/audio/ui/Effect_Tick.ogg
W/AudioService(  385): Soundpool could not load file: /system/media/audio/ui/Effect_Tick.ogg
E/SoundPool(  385): error loading /system/media/audio/ui/Effect_Tick.ogg
W/AudioService(  385): Soundpool could not load file: /system/media/audio/ui/Effect_Tick.ogg
E/SoundPool(  385): error loading /system/media/audio/ui/Effect_Tick.ogg
W/AudioService(  385): Soundpool could not load file: /system/media/audio/ui/Effect_Tick.ogg
E/SoundPool(  385): error loading /system/media/audio/ui/Effect_Tick.ogg
W/AudioService(  385): Soundpool could not load file: /system/media/audio/ui/Effect_Tick.ogg
E/SoundPool(  385): error loading /system/media/audio/ui/KeypressStandard.ogg
W/AudioService(  385): Soundpool could not load file: /system/media/audio/ui/KeypressStandard.ogg
E/SoundPool(  385): error loading /system/media/audio/ui/KeypressSpacebar.ogg
W/AudioService(  385): Soundpool could not load file: /system/media/audio/ui/KeypressSpacebar.ogg
E/SoundPool(  385): error loading /system/media/audio/ui/KeypressDelete.ogg
W/AudioService(  385): Soundpool could not load file: /system/media/audio/ui/KeypressDelete.ogg
E/SoundPool(  385): error loading /system/media/audio/ui/KeypressReturn.ogg
W/AudioService(  385): Soundpool could not load file: /system/media/audio/ui/KeypressReturn.ogg
E/SoundPool(  385): error loading /system/media/audio/ui/KeypressInvalid.ogg
W/AudioService(  385): Soundpool could not load file: /system/media/audio/ui/KeypressInvalid.ogg
W/AudioService(  385): onLoadSoundEffects(), Error -1 while loading samples
D/gralloc (   55): Registering a buffer in the process that created it. This may cause memory ordering problems.
E/libEGL  (   55): called unimplemented OpenGL ES API
E/libEGL  (   55): called unimplemented OpenGL ES API
E/libEGL  (   55): called unimplemented OpenGL ES API
E/libEGL  (   55): called unimplemented OpenGL ES API
E/SurfaceFlinger(   55): glCheckFramebufferStatusOES error 1923359790
E/SurfaceFlinger(   55): got GL_FRAMEBUFFER_COMPLETE_OES error while taking screenshot
E/libEGL  (   55): called unimplemented OpenGL ES API
E/libEGL  (   55): called unimplemented OpenGL ES API
W/WindowManager(  385): Screenshot failure taking screenshot for (328x583) to layer 21005
I/Choreographer(  618): Skipped 30 frames!  The application may be doing too much work on its main thread.
D/dalvikvm(  385): GC_CONCURRENT freed 1023K, 16% free 7398K/8776K, paused 55ms+22ms, total 406ms
I/ActivityManager(  385): Start proc com.example.test for activity com.example.test/.MainActivity: pid=1435 uid=10052 gids={50052}
D/dalvikvm( 1435): Not late-enabling CheckJNI (already on)
I/dalvikvm( 1435): Could not find method android.view.ViewGroup.onNestedScrollAccepted, referenced from method android.support.v7.internal.widget.ActionBarOverlayLayout.onNestedScrollAccepted
W/dalvikvm( 1435): VFY: unable to resolve virtual method 12206: Landroid/view/ViewGroup;.onNestedScrollAccepted (Landroid/view/View;Landroid/view/View;I)V
D/dalvikvm( 1435): VFY: replacing opcode 0x6f at 0x0000
I/dalvikvm( 1435): Could not find method android.view.ViewGroup.onStopNestedScroll, referenced from method android.support.v7.internal.widget.ActionBarOverlayLayout.onStopNestedScroll
W/dalvikvm( 1435): VFY: unable to resolve virtual method 12212: Landroid/view/ViewGroup;.onStopNestedScroll (Landroid/view/View;)V
D/dalvikvm( 1435): VFY: replacing opcode 0x6f at 0x0000
I/dalvikvm( 1435): Could not find method android.support.v7.internal.widget.ActionBarOverlayLayout.stopNestedScroll, referenced from method android.support.v7.internal.widget.ActionBarOverlayLayout.setHideOnContentScrollEnabled
W/dalvikvm( 1435): VFY: unable to resolve virtual method 9777: Landroid/support/v7/internal/widget/ActionBarOverlayLayout;.stopNestedScroll ()V
D/dalvikvm( 1435): VFY: replacing opcode 0x6e at 0x000e
I/dalvikvm( 1435): Could not find method android.content.res.TypedArray.getChangingConfigurations, referenced from method android.support.v7.internal.widget.TintTypedArray.getChangingConfigurations
W/dalvikvm( 1435): VFY: unable to resolve virtual method 392: Landroid/content/res/TypedArray;.getChangingConfigurations ()I
D/dalvikvm( 1435): VFY: replacing opcode 0x6e at 0x0002
I/dalvikvm( 1435): Could not find method android.content.res.TypedArray.getType, referenced from method android.support.v7.internal.widget.TintTypedArray.getType
W/dalvikvm( 1435): VFY: unable to resolve virtual method 414: Landroid/content/res/TypedArray;.getType (I)I
D/dalvikvm( 1435): VFY: replacing opcode 0x6e at 0x0002
I/dalvikvm( 1435): Could not find method android.content.res.Resources.getDrawable, referenced from method android.support.v7.internal.widget.ResourcesWrapper.getDrawable
W/dalvikvm( 1435): VFY: unable to resolve virtual method 355: Landroid/content/res/Resources;.getDrawable (ILandroid/content/res/Resources$Theme;)Landroid/graphics/drawable/Drawable;
D/dalvikvm( 1435): VFY: replacing opcode 0x6e at 0x0002
I/dalvikvm( 1435): Could not find method android.content.res.Resources.getDrawableForDensity, referenced from method android.support.v7.internal.widget.ResourcesWrapper.getDrawableForDensity
W/dalvikvm( 1435): VFY: unable to resolve virtual method 357: Landroid/content/res/Resources;.getDrawableForDensity (IILandroid/content/res/Resources$Theme;)Landroid/graphics/drawable/Drawable;
D/dalvikvm( 1435): VFY: replacing opcode 0x6e at 0x0002
D/gralloc_goldfish( 1435): Emulator without GPU emulation detected.
I/ActivityManager(  385): Displayed com.example.test/.MainActivity: +1s706ms
I/System.out( 1435): COUCOU
E/SoundPool(  385): error loading /system/media/audio/ui/Effect_Tick.ogg
W/AudioService(  385): Soundpool could not load file: /system/media/audio/ui/Effect_Tick.ogg
E/SoundPool(  385): error loading /system/media/audio/ui/Effect_Tick.ogg
W/AudioService(  385): Soundpool could not load file: /system/media/audio/ui/Effect_Tick.ogg
E/SoundPool(  385): error loading /system/media/audio/ui/Effect_Tick.ogg
W/AudioService(  385): Soundpool could not load file: /system/media/audio/ui/Effect_Tick.ogg
E/SoundPool(  385): error loading /system/media/audio/ui/Effect_Tick.ogg
W/AudioService(  385): Soundpool could not load file: /system/media/audio/ui/Effect_Tick.ogg
E/SoundPool(  385): error loading /system/media/audio/ui/Effect_Tick.ogg
W/AudioService(  385): Soundpool could not load file: /system/media/audio/ui/Effect_Tick.ogg
E/SoundPool(  385): error loading /system/media/audio/ui/KeypressStandard.ogg
W/AudioService(  385): Soundpool could not load file: /system/media/audio/ui/KeypressStandard.ogg
E/SoundPool(  385): error loading /system/media/audio/ui/KeypressSpacebar.ogg
W/AudioService(  385): Soundpool could not load file: /system/media/audio/ui/KeypressSpacebar.ogg
E/SoundPool(  385): error loading /system/media/audio/ui/KeypressDelete.ogg
W/AudioService(  385): Soundpool could not load file: /system/media/audio/ui/KeypressDelete.ogg
E/SoundPool(  385): error loading /system/media/audio/ui/KeypressReturn.ogg
W/AudioService(  385): Soundpool could not load file: /system/media/audio/ui/KeypressReturn.ogg
E/SoundPool(  385): error loading /system/media/audio/ui/KeypressInvalid.ogg
W/AudioService(  385): Soundpool could not load file: /system/media/audio/ui/KeypressInvalid.ogg
W/AudioService(  385): onLoadSoundEffects(), Error -1 while loading samples
I/dalvikvm( 1435): Debugger is active
I/System.out( 1435): COUCOU
E/SoundPool(  385): error loading /system/media/audio/ui/Effect_Tick.ogg
W/AudioService(  385): Soundpool could not load file: /system/media/audio/ui/Effect_Tick.ogg
E/SoundPool(  385): error loading /system/media/audio/ui/Effect_Tick.ogg
W/AudioService(  385): Soundpool could not load file: /system/media/audio/ui/Effect_Tick.ogg
E/SoundPool(  385): error loading /system/media/audio/ui/Effect_Tick.ogg
W/AudioService(  385): Soundpool could not load file: /system/media/audio/ui/Effect_Tick.ogg
E/SoundPool(  385): error loading /system/media/audio/ui/Effect_Tick.ogg
W/AudioService(  385): Soundpool could not load file: /system/media/audio/ui/Effect_Tick.ogg
E/SoundPool(  385): error loading /system/media/audio/ui/Effect_Tick.ogg
W/AudioService(  385): Soundpool could not load file: /system/media/audio/ui/Effect_Tick.ogg
E/SoundPool(  385): error loading /system/media/audio/ui/KeypressStandard.ogg
W/AudioService(  385): Soundpool could not load file: /system/media/audio/ui/KeypressStandard.ogg
E/SoundPool(  385): error loading /system/media/audio/ui/KeypressSpacebar.ogg
W/AudioService(  385): Soundpool could not load file: /system/media/audio/ui/KeypressSpacebar.ogg
E/SoundPool(  385): error loading /system/media/audio/ui/KeypressDelete.ogg
W/AudioService(  385): Soundpool could not load file: /system/media/audio/ui/KeypressDelete.ogg
E/SoundPool(  385): error loading /system/media/audio/ui/KeypressReturn.ogg
W/AudioService(  385): Soundpool could not load file: /system/media/audio/ui/KeypressReturn.ogg
E/SoundPool(  385): error loading /system/media/audio/ui/KeypressInvalid.ogg
W/AudioService(  385): Soundpool could not load file: /system/media/audio/ui/KeypressInvalid.ogg
W/AudioService(  385): onLoadSoundEffects(), Error -1 while loading samples
E/SoundPool(  385): error loading /system/media/audio/ui/Effect_Tick.ogg
W/AudioService(  385): Soundpool could not load file: /system/media/audio/ui/Effect_Tick.ogg
E/SoundPool(  385): error loading /system/media/audio/ui/Effect_Tick.ogg
W/AudioService(  385): Soundpool could not load file: /system/media/audio/ui/Effect_Tick.ogg
E/SoundPool(  385): error loading /system/media/audio/ui/Effect_Tick.ogg
W/AudioService(  385): Soundpool could not load file: /system/media/audio/ui/Effect_Tick.ogg
E/SoundPool(  385): error loading /system/media/audio/ui/Effect_Tick.ogg
W/AudioService(  385): Soundpool could not load file: /system/media/audio/ui/Effect_Tick.ogg
E/SoundPool(  385): error loading /system/media/audio/ui/Effect_Tick.ogg
W/AudioService(  385): Soundpool could not load file: /system/media/audio/ui/Effect_Tick.ogg
E/SoundPool(  385): error loading /system/media/audio/ui/KeypressStandard.ogg
W/AudioService(  385): Soundpool could not load file: /system/media/audio/ui/KeypressStandard.ogg
E/SoundPool(  385): error loading /system/media/audio/ui/KeypressSpacebar.ogg
W/AudioService(  385): Soundpool could not load file: /system/media/audio/ui/KeypressSpacebar.ogg
E/SoundPool(  385): error loading /system/media/audio/ui/KeypressDelete.ogg
